Component: ARM Compiler 5.06 update 6 (build 750) Tool: armlink [4d35ed]

==============================================================================

Section Cross References

    usbh_msc_scsi.o(i.USBH_MSC_SCSI_Inquiry) refers to usbh_msc_bot.o(i.USBH_MSC_BOT_Process) for USBH_MSC_BOT_Process
    usbh_msc_scsi.o(i.USBH_MSC_SCSI_Inquiry) refers to memseta.o(.text) for __aeabi_memclr
    usbh_msc_scsi.o(i.USBH_MSC_SCSI_Inquiry) refers to memcpya.o(.text) for __aeabi_memcpy
    usbh_msc_scsi.o(i.USBH_MSC_SCSI_Read) refers to usbh_msc_bot.o(i.USBH_MSC_BOT_Process) for USBH_MSC_BOT_Process
    usbh_msc_scsi.o(i.USBH_MSC_SCSI_Read) refers to memseta.o(.text) for __aeabi_memclr
    usbh_msc_scsi.o(i.USBH_MSC_SCSI_ReadCapacity) refers to memseta.o(.text) for __aeabi_memclr
    usbh_msc_scsi.o(i.USBH_MSC_SCSI_ReadCapacity) refers to usbh_msc_bot.o(i.USBH_MSC_BOT_Process) for USBH_MSC_BOT_Process
    usbh_msc_scsi.o(i.USBH_MSC_SCSI_RequestSense) refers to usbh_msc_bot.o(i.USBH_MSC_BOT_Process) for USBH_MSC_BOT_Process
    usbh_msc_scsi.o(i.USBH_MSC_SCSI_RequestSense) refers to memseta.o(.text) for __aeabi_memclr
    usbh_msc_scsi.o(i.USBH_MSC_SCSI_TestUnitReady) refers to usbh_msc_bot.o(i.USBH_MSC_BOT_Process) for USBH_MSC_BOT_Process
    usbh_msc_scsi.o(i.USBH_MSC_SCSI_TestUnitReady) refers to memseta.o(.text) for __aeabi_memclr
    usbh_msc_scsi.o(i.USBH_MSC_SCSI_Write) refers to usbh_msc_bot.o(i.USBH_MSC_BOT_Process) for USBH_MSC_BOT_Process
    usbh_msc_scsi.o(i.USBH_MSC_SCSI_Write) refers to memseta.o(.text) for __aeabi_memclr
    usbh_msc.o(i.USBH_MSC_ClassRequest) refers to usbh_msc_bot.o(i.USBH_MSC_BOT_REQ_GetMaxLUN) for USBH_MSC_BOT_REQ_GetMaxLUN
    usbh_msc.o(i.USBH_MSC_ClassRequest) refers to usbh_ctlreq.o(i.USBH_ClrFeature) for USBH_ClrFeature
    usbh_msc.o(i.USBH_MSC_GetLUNInfo) refers to memcpya.o(.text) for __aeabi_memcpy4
    usbh_msc.o(i.USBH_MSC_InterfaceDeInit) refers to usbh_pipes.o(i.USBH_ClosePipe) for USBH_ClosePipe
    usbh_msc.o(i.USBH_MSC_InterfaceDeInit) refers to usbh_pipes.o(i.USBH_FreePipe) for USBH_FreePipe
    usbh_msc.o(i.USBH_MSC_InterfaceDeInit) refers to malloc.o(i.free) for free
    usbh_msc.o(i.USBH_MSC_InterfaceInit) refers to usbh_core.o(i.USBH_FindInterface) for USBH_FindInterface
    usbh_msc.o(i.USBH_MSC_InterfaceInit) refers to usbh_core.o(i.USBH_SelectInterface) for USBH_SelectInterface
    usbh_msc.o(i.USBH_MSC_InterfaceInit) refers to malloc.o(i.malloc) for malloc
    usbh_msc.o(i.USBH_MSC_InterfaceInit) refers to usbh_pipes.o(i.USBH_AllocPipe) for USBH_AllocPipe
    usbh_msc.o(i.USBH_MSC_InterfaceInit) refers to usbh_msc_bot.o(i.USBH_MSC_BOT_Init) for USBH_MSC_BOT_Init
    usbh_msc.o(i.USBH_MSC_InterfaceInit) refers to memseta.o(.text) for __aeabi_memclr4
    usbh_msc.o(i.USBH_MSC_InterfaceInit) refers to usbh_pipes.o(i.USBH_OpenPipe) for USBH_OpenPipe
    usbh_msc.o(i.USBH_MSC_InterfaceInit) refers to usbh_conf.o(i.USBH_LL_SetToggle) for USBH_LL_SetToggle
    usbh_msc.o(i.USBH_MSC_Process) refers to usbh_msc_scsi.o(i.USBH_MSC_SCSI_Inquiry) for USBH_MSC_SCSI_Inquiry
    usbh_msc.o(i.USBH_MSC_Process) refers to usbh_msc_scsi.o(i.USBH_MSC_SCSI_TestUnitReady) for USBH_MSC_SCSI_TestUnitReady
    usbh_msc.o(i.USBH_MSC_Process) refers to usbh_msc_scsi.o(i.USBH_MSC_SCSI_ReadCapacity) for USBH_MSC_SCSI_ReadCapacity
    usbh_msc.o(i.USBH_MSC_Process) refers to usbh_msc_scsi.o(i.USBH_MSC_SCSI_RequestSense) for USBH_MSC_SCSI_RequestSense
    usbh_msc.o(i.USBH_MSC_RdWrProcess) refers to usbh_msc_scsi.o(i.USBH_MSC_SCSI_Read) for USBH_MSC_SCSI_Read
    usbh_msc.o(i.USBH_MSC_RdWrProcess) refers to usbh_msc_scsi.o(i.USBH_MSC_SCSI_Write) for USBH_MSC_SCSI_Write
    usbh_msc.o(i.USBH_MSC_RdWrProcess) refers to usbh_msc_scsi.o(i.USBH_MSC_SCSI_RequestSense) for USBH_MSC_SCSI_RequestSense
    usbh_msc.o(i.USBH_MSC_Read) refers to usbh_msc_scsi.o(i.USBH_MSC_SCSI_Read) for USBH_MSC_SCSI_Read
    usbh_msc.o(i.USBH_MSC_Read) refers to usbh_msc.o(i.USBH_MSC_RdWrProcess) for USBH_MSC_RdWrProcess
    usbh_msc.o(i.USBH_MSC_Write) refers to usbh_msc_scsi.o(i.USBH_MSC_SCSI_Write) for USBH_MSC_SCSI_Write
    usbh_msc.o(i.USBH_MSC_Write) refers to usbh_msc.o(i.USBH_MSC_RdWrProcess) for USBH_MSC_RdWrProcess
    usbh_msc.o(.data) refers to usbh_msc.o(.conststring) for .conststring
    usbh_msc.o(.data) refers to usbh_msc.o(i.USBH_MSC_InterfaceInit) for USBH_MSC_InterfaceInit
    usbh_msc.o(.data) refers to usbh_msc.o(i.USBH_MSC_InterfaceDeInit) for USBH_MSC_InterfaceDeInit
    usbh_msc.o(.data) refers to usbh_msc.o(i.USBH_MSC_ClassRequest) for USBH_MSC_ClassRequest
    usbh_msc.o(.data) refers to usbh_msc.o(i.USBH_MSC_Process) for USBH_MSC_Process
    usbh_msc.o(.data) refers to usbh_msc.o(i.USBH_MSC_SOFProcess) for USBH_MSC_SOFProcess
    usbh_msc_bot.o(i.USBH_MSC_BOT_Abort) refers to usbh_ctlreq.o(i.USBH_ClrFeature) for USBH_ClrFeature
    usbh_msc_bot.o(i.USBH_MSC_BOT_Process) refers to usbh_conf.o(i.USBH_LL_GetURBState) for USBH_LL_GetURBState
[...]
    HAL_I2S_GetState                         0x08002035   Thumb Code     6  stm32f4xx_hal_i2s.o(i.HAL_I2S_GetState)
    HAL_I2S_Init                             0x0800203d   Thumb Code   366  stm32f4xx_hal_i2s.o(i.HAL_I2S_Init)
    HAL_I2S_MspInit                          0x080021bd   Thumb Code     2  stm32f4xx_hal_i2s.o(i.HAL_I2S_MspInit)
    HAL_I2S_RxCpltCallback                   0x080021bf   Thumb Code     8  stm32f4_discovery_audio.o(i.HAL_I2S_RxCpltCallback)
    HAL_I2S_Transmit_DMA                     0x080021c9   Thumb Code   156  stm32f4xx_hal_i2s.o(i.HAL_I2S_Transmit_DMA)
    HAL_I2S_TxCpltCallback                   0x08002271   Thumb Code    16  stm32f4_discovery_audio.o(i.HAL_I2S_TxCpltCallback)
    HAL_I2S_TxHalfCpltCallback               0x08002285   Thumb Code    16  stm32f4_discovery_audio.o(i.HAL_I2S_TxHalfCpltCallback)
    HAL_IncTick                              0x08002299   Thumb Code    12  stm32f4xx_hal.o(i.HAL_IncTick)
    HAL_Init                                 0x080022a9   Thumb Code    40  stm32f4xx_hal.o(i.HAL_Init)
    HAL_InitTick                             0x080022d5   Thumb Code    54  stm32f4xx_hal.o(i.HAL_InitTick)
    HAL_MspInit                              0x08002315   Thumb Code    88  stm32f4xx_hal_msp.o(i.HAL_MspInit)
    HAL_NVIC_EnableIRQ                       0x0800236d   Thumb Code    22  stm32f4xx_hal_cortex.o(i.HAL_NVIC_EnableIRQ)
    HAL_NVIC_SetPriority                     0x08002385   Thumb Code    60  stm32f4xx_hal_cortex.o(i.HAL_NVIC_SetPriority)
    HAL_NVIC_SetPriorityGrouping             0x080023c5   Thumb Code    26  stm32f4xx_hal_cortex.o(i.HAL_NVIC_SetPriorityGrouping)
    HAL_RCCEx_GetPeriphCLKConfig             0x080023e9   Thumb Code    48  stm32f4xx_hal_rcc_ex.o(i.HAL_RCCEx_GetPeriphCLKConfig)
    HAL_RCCEx_GetPeriphCLKFreq               0x0800241d   Thumb Code    76  stm32f4xx_hal_rcc_ex.o(i.HAL_RCCEx_GetPeriphCLKFreq)
    HAL_RCCEx_PeriphCLKConfig                0x08002479   Thumb Code   296  stm32f4xx_hal_rcc_ex.o(i.HAL_RCCEx_PeriphCLKConfig)
    HAL_RCC_ClockConfig                      0x080025b5   Thumb Code   286  stm32f4xx_hal_rcc.o(i.HAL_RCC_ClockConfig)
    HAL_RCC_GetPCLK1Freq                     0x080026e5   Thumb Code    20  stm32f4xx_hal_rcc.o(i.HAL_RCC_GetPCLK1Freq)
    HAL_RCC_GetPCLK2Freq                     0x08002705   Thumb Code    20  stm32f4xx_hal_rcc.o(i.HAL_RCC_GetPCLK2Freq)
    HAL_RCC_GetSysClockFreq                  0x08002725   Thumb Code    88  stm32f4xx_hal_rcc.o(i.HAL_RCC_GetSysClockFreq)
    HAL_RCC_OscConfig                        0x08002785   Thumb Code   770  stm32f4xx_hal_rcc.o(i.HAL_RCC_OscConfig)
    HAL_SPI_DeInit                           0x08002aa1   Thumb Code    46  stm32f4xx_hal_spi.o(i.HAL_SPI_DeInit)
    HAL_SPI_GetState                         0x08002acf   Thumb Code     6  stm32f4xx_hal_spi.o(i.HAL_SPI_GetState)
    HAL_SPI_Init                             0x08002ad5   Thumb Code   140  stm32f4xx_hal_spi.o(i.HAL_SPI_Init)
    HAL_SPI_MspDeInit                        0x08002b61   Thumb Code     2  stm32f4xx_hal_spi.o(i.HAL_SPI_MspDeInit)
    HAL_SPI_MspInit                          0x08002b63   Thumb Code     2  stm32f4xx_hal_spi.o(i.HAL_SPI_MspInit)
    HAL_SPI_TransmitReceive                  0x08002b65   Thumb Code   622  stm32f4xx_hal_spi.o(i.HAL_SPI_TransmitReceive)
    HAL_SYSTICK_Config                       0x08002dd3   Thumb Code    40  stm32f4xx_hal_cortex.o(i.HAL_SYSTICK_Config)
    HAL_TIMEx_BreakCallback                  0x08002dfb   Thumb Code     2  stm32f4xx_hal_tim_ex.o(i.HAL_TIMEx_BreakCallback)
    HAL_TIMEx_CommutationCallback            0x08002dfd   Thumb Code     2  stm32f4xx_hal_tim_ex.o(i.HAL_TIMEx_CommutationCallback)
    HAL_TIMEx_MasterConfigSynchronization    0x08002dff   Thumb Code    80  stm32f4xx_hal_tim_ex.o(i.HAL_TIMEx_MasterConfigSynchronization)
    HAL_TIM_Base_Init                        0x08002e4f   Thumb Code    54  stm32f4xx_hal_tim.o(i.HAL_TIM_Base_Init)
    HAL_TIM_Base_MspInit                     0x08002e85   Thumb Code    52  stm32f4xx_hal_msp.o(i.HAL_TIM_Base_MspInit)
    HAL_TIM_ConfigClockSource                0x08002ec1   Thumb Code   242  stm32f4xx_hal_tim.o(i.HAL_TIM_ConfigClockSource)
    HAL_TIM_IC_CaptureCallback               0x08002fb3   Thumb Code     2  stm32f4xx_hal_tim.o(i.HAL_TIM_IC_CaptureCallback)
    HAL_TIM_IRQHandler                       0x08002fb5   Thumb Code   358  stm32f4xx_hal_tim.o(i.HAL_TIM_IRQHandler)
    HAL_TIM_MspPostInit                      0x0800311d   Thumb Code    70  stm32f4xx_hal_msp.o(i.HAL_TIM_MspPostInit)
    HAL_TIM_OC_DelayElapsedCallback          0x08003171   Thumb Code     2  stm32f4xx_hal_tim.o(i.HAL_TIM_OC_DelayElapsedCallback)
    HAL_TIM_PWM_ConfigChannel                0x08003173   Thumb Code   208  stm32f4xx_hal_tim.o(i.HAL_TIM_PWM_ConfigChannel)
    HAL_TIM_PWM_Init                         0x08003243   Thumb Code    54  stm32f4xx_hal_tim.o(i.HAL_TIM_PWM_Init)
    HAL_TIM_PWM_MspInit                      0x08003279   Thumb Code     2  stm32f4xx_hal_tim.o(i.HAL_TIM_PWM_MspInit)
    HAL_TIM_PWM_PulseFinishedCallback        0x0800327b   Thumb Code     2  stm32f4xx_hal_tim.o(i.HAL_TIM_PWM_PulseFinishedCallback)
    HAL_TIM_PWM_Start                        0x0800327d   Thumb Code    48  stm32f4xx_hal_tim.o(i.HAL_TIM_PWM_Start)
    HAL_TIM_PeriodElapsedCallback            0x080032b5   Thumb Code     2  stm32f4xx_hal_tim.o(i.HAL_TIM_PeriodElapsedCallback)
    HAL_TIM_TriggerCallback                  0x080032b7   Thumb Code     2  stm32f4xx_hal_tim.o(i.HAL_TIM_TriggerCallback)
    HAL_UART_ErrorCallback                   0x080032b9   Thumb Code     2  stm32f4xx_hal_uart.o(i.HAL_UART_ErrorCallback)
    HAL_UART_IRQHandler                      0x080032bd   Thumb Code   266  stm32f4xx_hal_uart.o(i.HAL_UART_IRQHandler)
    HAL_UART_Init                            0x080033cd   Thumb Code    98  stm32f4xx_hal_uart.o(i.HAL_UART_Init)
    HAL_UART_MspInit                         0x08003431   Thumb Code   172  stm32f4xx_hal_msp.o(i.HAL_UART_MspInit)
    HAL_UART_Receive_DMA                     0x080034f5   Thumb Code   138  stm32f4xx_hal_uart.o(i.HAL_UART_Receive_DMA)
    HAL_UART_Receive_IT                      0x0800358d   Thumb Code    72  stm32f4xx_hal_uart.o(i.HAL_UART_Receive_IT)
    HAL_UART_RxCpltCallback                  0x080035d5   Thumb Code   280  main.o(i.HAL_UART_RxCpltCallback)
    HAL_UART_RxHalfCpltCallback              0x08003765   Thumb Code     2  stm32f4xx_hal_uart.o(i.HAL_UART_RxHalfCpltCallback)
    HAL_UART_Transmit                        0x08003767   Thumb Code   186  stm32f4xx_hal_uart.o(i.HAL_UART_Transmit)
    HAL_UART_TxCpltCallback                  0x08003821   Thumb Code     2  stm32f4xx_hal_uart.o(i.HAL_UART_TxCpltCallback)
    HardFault_Handler                        0x08003d89   Thumb Code     2  stm32f4xx_it.o(i.HardFault_Handler)
    LIS302DL_Click_IntClear                  0x0800449b   Thumb Code    30  lis302dl.o(i.LIS302DL_Click_IntClear)
    LIS302DL_Click_IntConfig                 0x080044b9   Thumb Code   164  lis302dl.o(i.LIS302DL_Click_IntConfig)
    LIS302DL_DeInit                          0x0800455d   Thumb Code     2  lis302dl.o(i.LIS302DL_DeInit)
    LIS302DL_FilterConfig                    0x0800455f   Thumb Code    46  lis302dl.o(i.LIS302DL_FilterConfig)
    LIS302DL_Init                            0x0800458d   Thumb Code    30  lis302dl.o(i.LIS302DL_Init)
    LIS302DL_InterruptConfig                 0x080045ab   Thumb Code    46  lis302dl.o(i.LIS302DL_InterruptConfig)
    LIS302DL_ReadACC                         0x080045d9   Thumb Code   104  lis302dl.o(i.LIS302DL_ReadACC)
    LIS302DL_ReadID                          0x08004641   Thumb Code    28  lis302dl.o(i.LIS302DL_ReadID)
    LIS302DL_RebootCmd                       0x0800465d   Thumb Code    36  lis302dl.o(i.LIS302DL_RebootCmd)
    LIS3DSH_Click_IntConfig                  0x08004681   Thumb Code   210  lis3dsh.o(i.LIS3DSH_Click_IntConfig)
    LIS3DSH_DeInit                           0x08004753   Thumb Code     2  lis3dsh.o(i.LIS3DSH_DeInit)
    LIS3DSH_Init                             0x08004755   Thumb Code    46  lis3dsh.o(i.LIS3DSH_Init)
    LIS3DSH_InterruptConfig                  0x08004783   Thumb Code    76  lis3dsh.o(i.LIS3DSH_InterruptConfig)
    LIS3DSH_ReadACC                          0x080047d1   Thumb Code   198  lis3dsh.o(i.LIS3DSH_ReadACC)
    LIS3DSH_ReadID                           0x080048ad   Thumb Code    28  lis3dsh.o(i.LIS3DSH_ReadID)
    LIS3DSH_RebootCmd                        0x080048c9   Thumb Code    36  lis3dsh.o(i.LIS3DSH_RebootCmd)
    MX_GPIO_Init                             0x08004935   Thumb Code    86  timerpwm.o(i.MX_GPIO_Init)
    MX_TIM2_Init                             0x08004991   Thumb Code   122  timerpwm.o(i.MX_TIM2_Init)
    MX_TIM3_Init                             0x08004a11   Thumb Code   120  timerpwm.o(i.MX_TIM3_Init)
    MemManage_Handler                        0x08004a91   Thumb Code     2  stm32f4xx_it.o(i.MemManage_Handler)
    MessageParseJson                         0x08004a95   Thumb Code    56  jsonparse.o(i.MessageParseJson)
    NMI_Handler                              0x08004aed   Thumb Code     2  stm32f4xx_it.o(i.NMI_Handler)
    NameParseJson                            0x08004b11   Thumb Code    40  jsonparse.o(i.NameParseJson)
    OTG_FS_IRQHandler                        0x08004b4d   Thumb Code     6  stm32f4xx_it.o(i.OTG_FS_IRQHandler)
    PWM_duty                                 0x08004b59   Thumb Code    20  utitils.o(i.PWM_duty)
    PendSV_Handler                           0x08004b6d   Thumb Code     2  stm32f4xx_it.o(i.PendSV_Handler)
    SVC_Handler                              0x08004cf5   Thumb Code     2  stm32f4xx_it.o(i.SVC_Handler)
    SysTick_Handler                          0x08004edd   Thumb Code    24  stm32f4xx_it.o(i.SysTick_Handler)
    SystemInit                               0x08004f95   Thumb Code    66  system_stm32f4xx.o(i.SystemInit)
    TIM4_IRQHandler                          0x08004fe9   Thumb Code     6  stm32f4xx_it.o(i.TIM4_IRQHandler)
    TIM_Base_SetConfig                       0x08004ff5   Thumb Code   148  stm32f4xx_hal_tim.o(i.TIM_Base_SetConfig)
    TIM_CCxChannelCmd                        0x080050b5   Thumb Code    22  stm32f4xx_hal_tim.o(i.TIM_CCxChannelCmd)
    TIM_OC2_SetConfig                        0x08005149   Thumb Code    90  stm32f4xx_hal_tim.o(i.TIM_OC2_SetConfig)
    USART3_IRQHandler                        0x08005771   Thumb Code     6  stm32f4xx_it.o(i.USART3_IRQHandler)
    USBH_AllocPipe                           0x0800577d   Thumb Code    52  usbh_pipes.o(i.USBH_AllocPipe)
    USBH_BulkReceiveData                     0x080057b1   Thumb Code    32  usbh_ioreq.o(i.USBH_BulkReceiveData)
    USBH_BulkSendData                        0x080057d1   Thumb Code    40  usbh_ioreq.o(i.USBH_BulkSendData)
    USBH_ClosePipe                           0x080057f9   Thumb Code    10  usbh_pipes.o(i.USBH_ClosePipe)
    USBH_ClrFeature                          0x08005803   Thumb Code    30  usbh_ctlreq.o(i.USBH_ClrFeature)
    USBH_CtlReceiveData                      0x08005821   Thumb Code    30  usbh_ioreq.o(i.USBH_CtlReceiveData)
    USBH_CtlReq                              0x0800583f   Thumb Code    54  usbh_ctlreq.o(i.USBH_CtlReq)
    USBH_CtlSendData                         0x08005875   Thumb Code    40  usbh_ioreq.o(i.USBH_CtlSendData)
    USBH_CtlSendSetup                        0x0800589d   Thumb Code    30  usbh_ioreq.o(i.USBH_CtlSendSetup)
    USBH_Delay                               0x080058bb   Thumb Code     4  usbh_conf.o(i.USBH_Delay)
    USBH_FindInterface                       0x080058bf   Thumb Code    68  usbh_core.o(i.USBH_FindInterface)
    USBH_FreePipe                            0x08005903   Thumb Code    24  usbh_pipes.o(i.USBH_FreePipe)
    USBH_GetDescriptor                       0x0800591b   Thumb Code    52  usbh_ctlreq.o(i.USBH_GetDescriptor)
    USBH_GetNextDesc                         0x0800594f   Thumb Code    14  usbh_ctlreq.o(i.USBH_GetNextDesc)
    USBH_Get_CfgDesc                         0x0800595d   Thumb Code    44  usbh_ctlreq.o(i.USBH_Get_CfgDesc)
    USBH_Get_DevDesc                         0x08005989   Thumb Code   128  usbh_ctlreq.o(i.USBH_Get_DevDesc)
    USBH_Get_StringDesc                      0x08005a09   Thumb Code    72  usbh_ctlreq.o(i.USBH_Get_StringDesc)
    USBH_Init                                0x08005cc1   Thumb Code    48  usbh_core.o(i.USBH_Init)
    USBH_LL_ClosePipe                        0x08005cf1   Thumb Code    14  usbh_conf.o(i.USBH_LL_ClosePipe)
    USBH_LL_Connect                          0x08005cff   Thumb Code    40  usbh_core.o(i.USBH_LL_Connect)
    USBH_LL_Disconnect                       0x08005d27   Thumb Code    56  usbh_core.o(i.USBH_LL_Disconnect)
    USBH_LL_DriverVBUS                       0x08005d61   Thumb Code    28  usbh_conf.o(i.USBH_LL_DriverVBUS)
    USBH_LL_GetLastXferSize                  0x08005d81   Thumb Code     8  usbh_conf.o(i.USBH_LL_GetLastXferSize)
    USBH_LL_GetSpeed                         0x08005d89   Thumb Code    34  usbh_conf.o(i.USBH_LL_GetSpeed)
    USBH_LL_GetToggle                        0x08005dad   Thumb Code    28  usbh_conf.o(i.USBH_LL_GetToggle)
    USBH_LL_GetURBState                      0x08005dcd   Thumb Code     8  usbh_conf.o(i.USBH_LL_GetURBState)
    USBH_LL_IncTimer                         0x08005dd5   Thumb Code    30  usbh_core.o(i.USBH_LL_IncTimer)
    USBH_LL_Init                             0x08005df5   Thumb Code    72  usbh_conf.o(i.USBH_LL_Init)
    USBH_LL_OpenPipe                         0x08005e41   Thumb Code    24  usbh_conf.o(i.USBH_LL_OpenPipe)
    USBH_LL_ResetPort                        0x08005e59   Thumb Code    14  usbh_conf.o(i.USBH_LL_ResetPort)
    USBH_LL_SetTimer                         0x08005e67   Thumb Code     6  usbh_core.o(i.USBH_LL_SetTimer)
    USBH_LL_SetToggle                        0x08005e6d   Thumb Code    30  usbh_conf.o(i.USBH_LL_SetToggle)
    USBH_LL_Start                            0x08005e91   Thumb Code    14  usbh_conf.o(i.USBH_LL_Start)
    USBH_LL_Stop                             0x08005e9f   Thumb Code    14  usbh_conf.o(i.USBH_LL_Stop)
    USBH_LL_SubmitURB                        0x08005ead   Thumb Code    32  usbh_conf.o(i.USBH_LL_SubmitURB)
    USBH_MSC_BOT_Init                        0x08005eed   Thumb Code    26  usbh_msc_bot.o(i.USBH_MSC_BOT_Init)
    USBH_MSC_BOT_Process                     0x08005f11   Thumb Code   470  usbh_msc_bot.o(i.USBH_MSC_BOT_Process)
    USBH_MSC_BOT_REQ_GetMaxLUN               0x080060ed   Thumb Code    22  usbh_msc_bot.o(i.USBH_MSC_BOT_REQ_GetMaxLUN)
    USBH_MSC_BOT_REQ_Reset                   0x08006103   Thumb Code    22  usbh_msc_bot.o(i.USBH_MSC_BOT_REQ_Reset)
    USBH_MSC_GetLUNInfo                      0x08006185   Thumb Code    46  usbh_msc.o(i.USBH_MSC_GetLUNInfo)
    USBH_MSC_Read                            0x08006667   Thumb Code   138  usbh_msc.o(i.USBH_MSC_Read)
    USBH_MSC_SCSI_Inquiry                    0x080066f1   Thumb Code   192  usbh_msc_scsi.o(i.USBH_MSC_SCSI_Inquiry)
    USBH_MSC_SCSI_Read                       0x080067b1   Thumb Code   124  usbh_msc_scsi.o(i.USBH_MSC_SCSI_Read)
    USBH_MSC_SCSI_ReadCapacity               0x0800682d   Thumb Code   122  usbh_msc_scsi.o(i.USBH_MSC_SCSI_ReadCapacity)
    USBH_MSC_SCSI_RequestSense               0x080068a7   Thumb Code   146  usbh_msc_scsi.o(i.USBH_MSC_SCSI_RequestSense)
    USBH_MSC_SCSI_TestUnitReady              0x08006939   Thumb Code    76  usbh_msc_scsi.o(i.USBH_MSC_SCSI_TestUnitReady)
    USBH_MSC_SCSI_Write                      0x08006985   Thumb Code   124  usbh_msc_scsi.o(i.USBH_MSC_SCSI_Write)
    USBH_MSC_UnitIsReady                     0x08006a05   Thumb Code    38  usbh_msc.o(i.USBH_MSC_UnitIsReady)
    USBH_MSC_Write                           0x08006a2b   Thumb Code   138  usbh_msc.o(i.USBH_MSC_Write)
    USBH_OpenPipe                            0x08006ab5   Thumb Code    20  usbh_pipes.o(i.USBH_OpenPipe)
    USBH_Process                             0x08006bb1   Thumb Code   360  usbh_core.o(i.USBH_Process)
    USBH_RegisterClass                       0x08006d19   Thumb Code    28  usbh_core.o(i.USBH_RegisterClass)
    USBH_SelectInterface                     0x08006d35   Thumb Code    22  usbh_core.o(i.USBH_SelectInterface)
    USBH_SetAddress                          0x08006d4b   Thumb Code    28  usbh_ctlreq.o(i.USBH_SetAddress)
    USBH_SetCfg                              0x08006d67   Thumb Code    28  usbh_ctlreq.o(i.USBH_SetCfg)
    USBH_Start                               0x08006d83   Thumb Code    20  usbh_core.o(i.USBH_Start)
    USBH_initialize                          0x08006dd1   Thumb Code     4  usbh_diskio_dma.o(i.USBH_initialize)
    USBH_ioctl                               0x08006dd5   Thumb Code    96  usbh_diskio_dma.o(i.USBH_ioctl)
    USBH_read                                0x08006e39   Thumb Code   124  usbh_diskio_dma.o(i.USBH_read)
    USBH_status                              0x08006ebd   Thumb Code    20  usbh_diskio_dma.o(i.USBH_status)
    USBH_write                               0x08006ed5   Thumb Code   134  usbh_diskio_dma.o(i.USBH_write)
    USB_CoreInit                             0x08006f65   Thumb Code   104  stm32f4xx_ll_usb.o(i.USB_CoreInit)
    USB_DisableGlobalInt                     0x08007009   Thumb Code    12  stm32f4xx_ll_usb.o(i.USB_DisableGlobalInt)
    USB_DoPing                               0x08007015   Thumb Code    60  stm32f4xx_ll_usb.o(i.USB_DoPing)
    USB_DriveVbus                            0x08007055   Thumb Code    44  stm32f4xx_ll_usb.o(i.USB_DriveVbus)
    USB_EnableGlobalInt                      0x08007081   Thumb Code    12  stm32f4xx_ll_usb.o(i.USB_EnableGlobalInt)
    USB_FlushRxFifo                          0x0800708d   Thumb Code    28  stm32f4xx_ll_usb.o(i.USB_FlushRxFifo)
    USB_FlushTxFifo                          0x080070ad   Thumb Code    32  stm32f4xx_ll_usb.o(i.USB_FlushTxFifo)
    USB_GetCurrentFrame                      0x080070d1   Thumb Code     8  stm32f4xx_ll_usb.o(i.USB_GetCurrentFrame)
    USB_GetHostSpeed                         0x080070d9   Thumb Code    14  stm32f4xx_ll_usb.o(i.USB_GetHostSpeed)
    USB_GetMode                              0x080070e7   Thumb Code     8  stm32f4xx_ll_usb.o(i.USB_GetMode)
    USB_HC_Halt                              0x080070ef   Thumb Code   328  stm32f4xx_ll_usb.o(i.USB_HC_Halt)
    USB_HC_Init                              0x08007239   Thumb Code   234  stm32f4xx_ll_usb.o(i.USB_HC_Init)
    USB_HC_ReadInterrupt                     0x08007323   Thumb Code    12  stm32f4xx_ll_usb.o(i.USB_HC_ReadInterrupt)
    USB_HC_StartXfer                         0x08007331   Thumb Code   386  stm32f4xx_ll_usb.o(i.USB_HC_StartXfer)
    USB_HostInit                             0x080074b9   Thumb Code   192  stm32f4xx_ll_usb.o(i.USB_HostInit)
    USB_InitFSLSPClkSel                      0x0800758d   Thumb Code    54  stm32f4xx_ll_usb.o(i.USB_InitFSLSPClkSel)
    USB_ReadInterrupts                       0x080075c3   Thumb Code     8  stm32f4xx_ll_usb.o(i.USB_ReadInterrupts)
    USB_ReadPacket                           0x080075cb   Thumb Code    32  stm32f4xx_ll_usb.o(i.USB_ReadPacket)
    USB_ResetPort                            0x080075eb   Thumb Code    44  stm32f4xx_ll_usb.o(i.USB_ResetPort)
    USB_SetCurrentMode                       0x08007617   Thumb Code    44  stm32f4xx_ll_usb.o(i.USB_SetCurrentMode)
    USB_StopHost                             0x08007643   Thumb Code   178  stm32f4xx_ll_usb.o(i.USB_StopHost)
    USB_WritePacket                          0x080076f5   Thumb Code    40  stm32f4xx_ll_usb.o(i.USB_WritePacket)
    UsageFault_Handler                       0x0800771d   Thumb Code     2  stm32f4xx_it.o(i.UsageFault_Handler)
    WavePlayBack                             0x08007721   Thumb Code   334  waveplayer.o(i.WavePlayBack)
    WavePlayerInit                           0x080078ad   Thumb Code    24  waveplayer.o(i.WavePlayerInit)
    WavePlayerPauseResume                    0x080078c9   Thumb Code    10  waveplayer.o(i.WavePlayerPauseResume)
    WavePlayerStart                          0x080078d5   Thumb Code   200  waveplayer.o(i.WavePlayerStart)
    WavePlayer_CallBack                      0x080079c1   Thumb Code    72  waveplayer.o(i.WavePlayer_CallBack)
    __scatterload_copy                       0x08007a1d   Thumb Code    14  handlers.o(i.__scatterload_copy)
    __scatterload_null                       0x08007a2b   Thumb Code     2  handlers.o(i.__scatterload_null)
    __scatterload_zeroinit                   0x08007a2d   Thumb Code    14  handlers.o(i.__scatterload_zeroinit)
    arm_bitreversal_f32                      0x08007a3b   Thumb Code   168  arm_bitreversal.o(i.arm_bitreversal_f32)
    arm_cfft_radix4_f32                      0x08007ae3   Thumb Code    60  arm_cfft_radix4_f32.o(i.arm_cfft_radix4_f32)
    arm_cfft_radix4_init_f32                 0x08007b21   Thumb Code   142  arm_cfft_radix4_init_f32.o(i.arm_cfft_radix4_init_f32)
    arm_cmplx_mag_f32                        0x08007bd1   Thumb Code   168  arm_cmplx_mag_f32.o(i.arm_cmplx_mag_f32)
    arm_max_f32                              0x08007c79   Thumb Code   146  arm_max_f32.o(i.arm_max_f32)
    arm_radix4_butterfly_f32                 0x08007d0d   Thumb Code   776  arm_cfft_radix4_f32.o(i.arm_radix4_butterfly_f32)
    arm_radix4_butterfly_inverse_f32         0x08008015   Thumb Code   800  arm_cfft_radix4_f32.o(i.arm_radix4_butterfly_inverse_f32)
    cs43l22_DeInit                           0x080087c1   Thumb Code     4  cs43l22.o(i.cs43l22_DeInit)
    cs43l22_Init                             0x080087c5   Thumb Code   220  cs43l22.o(i.cs43l22_Init)
    cs43l22_Pause                            0x080088a5   Thumb Code    26  cs43l22.o(i.cs43l22_Pause)
    cs43l22_Play                             0x080088c1   Thumb Code    54  cs43l22.o(i.cs43l22_Play)
    cs43l22_ReadID                           0x080088fd   Thumb Code    22  cs43l22.o(i.cs43l22_ReadID)
    cs43l22_Reset                            0x08008913   Thumb Code     4  cs43l22.o(i.cs43l22_Reset)
    cs43l22_Resume                           0x08008919   Thumb Code    56  cs43l22.o(i.cs43l22_Resume)
    cs43l22_SetFrequency                     0x08008955   Thumb Code     4  cs43l22.o(i.cs43l22_SetFrequency)
    cs43l22_SetMute                          0x08008959   Thumb Code    78  cs43l22.o(i.cs43l22_SetMute)
    cs43l22_SetOutputMode                    0x080089ad   Thumb Code    76  cs43l22.o(i.cs43l22_SetOutputMode)
    cs43l22_SetVolume                        0x080089fd   Thumb Code    60  cs43l22.o(i.cs43l22_SetVolume)
    cs43l22_Stop                             0x08008a39   Thumb Code    44  cs43l22.o(i.cs43l22_Stop)
    disk_initialize                          0x08008f81   Thumb Code    36  diskio.o(i.disk_initialize)
    disk_ioctl                               0x08008fa9   Thumb Code    24  diskio.o(i.disk_ioctl)
    disk_read                                0x08008fc5   Thumb Code    24  diskio.o(i.disk_read)
    disk_status                              0x08008fe1   Thumb Code    18  diskio.o(i.disk_status)
    disk_write                               0x08008ff9   Thumb Code    24  diskio.o(i.disk_write)
    f_close                                  0x08009015   Thumb Code    40  ff.o(i.f_close)
    f_closedir                               0x0800903d   Thumb Code    34  ff.o(i.f_closedir)
    f_lseek                                  0x0800905f   Thumb Code   530  ff.o(i.f_lseek)
    f_mount                                  0x08009271   Thumb Code    84  ff.o(i.f_mount)
    f_open                                   0x080092c9   Thumb Code   574  ff.o(i.f_open)
    f_opendir                                0x0800950d   Thumb Code   172  ff.o(i.f_opendir)
    f_read                                   0x080095b9   Thumb Code   338  ff.o(i.f_read)
    f_readdir                                0x0800970b   Thumb Code   102  ff.o(i.f_readdir)
    f_sync                                   0x08009771   Thumb Code   142  ff.o(i.f_sync)
    ff_convert                               0x08009801   Thumb Code    52  unicode.o(i.ff_convert)
    ff_memalloc                              0x08009839   Thumb Code     4  syscall.o(i.ff_memalloc)
    ff_memfree                               0x0800983d   Thumb Code     4  syscall.o(i.ff_memfree)
    ff_wtoupper                              0x08009841   Thumb Code   120  unicode.o(i.ff_wtoupper)
    free                                     0x08009b89   Thumb Code    76  malloc.o(i.free)
    get_fattime                              0x08009d17   Thumb Code     4  diskio.o(i.get_fattime)
    main                                     0x08009f09   Thumb Code   226  main.o(i.main)
    malloc                                   0x0800a015   Thumb Code    92  malloc.o(i.malloc)
    USBH_Driver                              0x0800a490   Data          20  usbh_diskio_dma.o(.constdata)
    AHBPrescTable                            0x0800a85a   Data          16  system_stm32f4xx.o(.constdata)
    APBPrescTable                            0x0800a86a   Data           8  system_stm32f4xx.o(.constdata)
    armBitRevTable                           0x0800a872   Data        2048  arm_common_tables.o(.constdata)
    twiddleCoef_4096                         0x0800b074   Data       32768  arm_common_tables.o(.constdata)
    I2SFreq                                  0x08013120   Data          32  stm32f4_discovery_audio.o(.constdata)
    I2SPLLN                                  0x08013140   Data          32  stm32f4_discovery_audio.o(.constdata)
    I2SPLLR                                  0x08013160   Data          32  stm32f4_discovery_audio.o(.constdata)
    BUTTON_IRQn                              0x08013180   Data           1  stm32f4_discovery.o(.constdata)
    BUTTON_PIN                               0x08013182   Data           2  stm32f4_discovery.o(.constdata)
    GPIO_PIN                                 0x08013184   Data           8  stm32f4_discovery.o(.constdata)
    Region$$Table$$Base                      0x08013190   Number         0  anon$$obj.o(Region$$Table)
    Region$$Table$$Limit                     0x080131b0   Number         0  anon$$obj.o(Region$$Table)
    USBH_msc                                 0x20000000   Data          32  usbh_msc.o(.data)
    cs43l22_drv                              0x20000020   Data          48  cs43l22.o(.data)
    OutputDev                                0x20000051   Data           1  cs43l22.o(.data)
    Lis302dlDrv                              0x20000054   Data          52  lis302dl.o(.data)
    Lis3dshDrv                               0x20000088   Data          52  lis3dsh.o(.data)
    uwTickFreq                               0x200000bc   Data           1  stm32f4xx_hal.o(.data)
    uwTickPrio                               0x200000c0   Data           4  stm32f4xx_hal.o(.data)
    uwTick                                   0x200000c4   Data           4  stm32f4xx_hal.o(.data)
    SystemCoreClock                          0x200000c8   Data           4  system_stm32f4xx.o(.data)
    TimeRecBase                              0x200000cc   Data           4  stm32f4xx_it.o(.data)
    buffer_offset                            0x200000d0   Data           1  waveplayer.o(.data)
    ifftFlag                                 0x200000d2   Data           1  waveplayer.o(.data)
    doBitReverse                             0x200000d3   Data           1  waveplayer.o(.data)
    SAMPLES                                  0x200000d4   Data           2  waveplayer.o(.data)
    FFT_SIZE                                 0x200000d6   Data           2  waveplayer.o(.data)
    AudioPlayStart                           0x200000d8   Data           4  waveplayer.o(.data)
    LEDsState                                0x200000e4   Data           4  waveplayer.o(.data)
    maxValue                                 0x200000e8   Data           4  waveplayer.o(.data)
    testIndex                                0x200000ec   Data           4  waveplayer.o(.data)
    next                                     0x200000f0   Data           1  main.o(.data)
    index_song                               0x200000f1   Data           1  main.o(.data)
    MemsID                                   0x200000f2   Data           1  main.o(.data)
    AppliState                               0x200000f3   Data           1  main.o(.data)
    count                                    0x200000f8   Data           4  main.o(.data)
    start                                    0x200000fc   Data           4  main.o(.data)
    PauseResumeStatus                        0x20000100   Data           4  main.o(.data)
    RepeatState                              0x20000104   Data           4  main.o(.data)
    CmdIndex                                 0x20000108   Data           4  main.o(.data)
    name_song                                0x2000010c   Data           4  main.o(.data)
    USBDISKPath                              0x20000110   Data           4  main.o(.data)
    rx                                       0x20000114   Data           5  main.o(.data)
    PressCount                               0x2000011c   Data           4  main.o(.data)
    AudioInVolume                            0x2000012c   Data           2  stm32f4_discovery_audio.o(.data)
    BUTTON_PORT                              0x20000134   Data           4  stm32f4_discovery.o(.data)
    I2cxTimeout                              0x20000138   Data           4  stm32f4_discovery.o(.data)
    SpixTimeout                              0x2000013c   Data           4  stm32f4_discovery.o(.data)
    GPIO_PORT                                0x20000140   Data          16  stm32f4_discovery.o(.data)
    __microlib_freelist                      0x20000154   Data           4  mvars.o(.data)
    __microlib_freelist_initialised          0x20000158   Data           4  mvars.o(.data)
    hHCD                                     0x2000035c   Data         664  usbh_conf.o(.bss)
    Audio_Buffer                             0x200005f4   Data        4096  waveplayer.o(.bss)
    s_CFFT                                   0x200015f4   Data          20  waveplayer.o(.bss)
    output                                   0x20001608   Data        4096  waveplayer.o(.bss)
    input                                    0x20002608   Data        8192  waveplayer.o(.bss)
    FileRead                                 0x20004608   Data         560  waveplayer.o(.bss)
    Directory                                0x20004838   Data          56  waveplayer.o(.bss)
    huart3                                   0x20004988   Data          64  main.o(.bss)
    songs                                    0x200049c8   Data       25500  main.o(.bss)
    USBDISKFatFs                             0x2000ad64   Data         564  main.o(.bss)
    hUSB_Host                                0x2000af98   Data         920  main.o(.bss)
    hTimLed                                  0x2000b330   Data          60  main.o(.bss)
    hdma_usart3_rx                           0x2000b36c   Data          96  main.o(.bss)
    hdma_usart3_tx                           0x2000b3cc   Data          96  main.o(.bss)
    htim2                                    0x2000b42c   Data          60  timerpwm.o(.bss)
    htim3                                    0x2000b468   Data          60  timerpwm.o(.bss)
    disk                                     0x2000b4c4   Data          16  ff_gen_drv.o(.bss)
    hAudioOutI2s                             0x2000b594   Data          72  stm32f4_discovery_audio.o(.bss)
    hAudioInI2s                              0x2000b5dc   Data          72  stm32f4_discovery_audio.o(.bss)
    PDM_FilterHandler                        0x2000b624   Data         152  stm32f4_discovery_audio.o(.bss)
    PDM_FilterConfig                         0x2000b6bc   Data          12  stm32f4_discovery_audio.o(.bss)
    __heap_base                              0x2000b778   Data           0  startup_stm32f407xx.o(HEAP)
    __heap_limit                             0x2000d778   Data           0  startup_stm32f407xx.o(HEAP)
    __initial_sp                             0x2000f778   Data           0  startup_stm32f407xx.o(STACK)



==============================================================================

Memory Map of the image

  Image Entry point : 0x08000189

  Load Region LR_IROM1 (Base: 0x08000000, Size: 0x0001330c, Max: 0x00100000, ABSOLUTE, COMPRESSED[0x00013248])

    Execution Region ER_IROM1 (Exec base: 0x08000000, Load base: 0x08000000, Size: 0x000131b0, Max: 0x00100000, ABSOLUTE)

    Exec Addr    Load Addr    Size         Type   Attr      Idx    E Section Name        Object

    0x08000000   0x08000000   0x00000188   Data   RO          344    RESET               startup_stm32f407xx.o
    0x08000188   0x08000188   0x00000000   Code   RO         6773  * .ARM.Collect$$$$00000000  mc_w.l(entry.o)
    0x08000188   0x08000188   0x00000004   Code   RO         7103    .ARM.Collect$$$$00000001  mc_w.l(entry2.o)
    0x0800018c   0x0800018c   0x00000004   Code   RO         7106    .ARM.Collect$$$$00000004  mc_w.l(entry5.o)
    0x08000190   0x08000190   0x00000000   Code   RO         7108    .ARM.Collect$$$$00000008  mc_w.l(entry7b.o)
    0x08000190   0x08000190   0x00000000   Code   RO         7110    .ARM.Collect$$$$0000000A  mc_w.l(entry8b.o)
    0x08000190   0x08000190   0x00000008   Code   RO         7111    .ARM.Collect$$$$0000000B  mc_w.l(entry9a.o)
    0x08000198   0x08000198   0x00000000   Code   RO         7113    .ARM.Collect$$$$0000000D  mc_w.l(entry10a.o)
    0x08000198   0x08000198   0x00000000   Code   RO         7115    .ARM.Collect$$$$0000000F  mc_w.l(entry11a.o)
    0x08000198   0x08000198   0x00000004   Code   RO         7104    .ARM.Collect$$$$00002712  mc_w.l(entry2.o)
    0x0800019c   0x0800019c   0x00000024   Code   RO          345    .text               startup_stm32f407xx.o
    0x080001c0   0x080001c0   0x00000062   Code   RO         6776    .text               mc_w.l(uldiv.o)
    0x08000222   0x08000222   0x00000024   Code   RO         6778    .text               mc_w.l(memcpya.o)
    0x08000246   0x08000246   0x00000024   Code   RO         6780    .text               mc_w.l(memseta.o)
    0x0800026a   0x0800026a   0x00000018   Code   RO         6782    .text               mc_w.l(strcat.o)
    0x08000282   0x08000282   0x00000024   Code   RO         6784    .text               mc_w.l(strstr.o)
    0x080002a6   0x080002a6   0x0000000e   Code   RO         6786    .text               mc_w.l(strlen.o)
    0x080002b4   0x080002b4   0x00000012   Code   RO         6788    .text               mc_w.l(strcpy.o)
    0x080002c6   0x080002c6   0x0000002a   Code   RO         6792    .text               mc_w.l(strcasecmp.o)
    0x080002f0   0x080002f0   0x0000001e   Code   RO         7122    .text               mc_w.l(llshl.o)
    0x0800030e   0x0800030e   0x00000020   Code   RO         7124    .text               mc_w.l(llushr.o)
    0x0800032e   0x0800032e   0x0000000c   Code   RO         7126    .text               mc_w.l(tolower.o)
    0x0800033a   0x0800033a   0x00000002   PAD
    0x0800033c   0x0800033c   0x00000024   Code   RO         7154    .text               mc_w.l(init.o)
    0x08000360   0x08000360   0x00000056   Code   RO         7170    .text               mc_w.l(__dczerorl2.o)
    0x080003b6   0x080003b6   0x00000002   PAD
    0x080003b8   0x080003b8   0x0000004c   Code   RO         6555    i.ACCELERO_IO_ITConfig  stm32f4_discovery.o
    0x08000404   0x08000404   0x00000048   Code   RO         6556    i.ACCELERO_IO_Init  stm32f4_discovery.o
    0x0800044c   0x0800044c   0x00000050   Code   RO         6557    i.ACCELERO_IO_Read  stm32f4_discovery.o
    0x0800049c   0x0800049c   0x00000048   Code   RO         6558    i.ACCELERO_IO_Write  stm32f4_discovery.o
    0x080004e4   0x080004e4   0x00000002   Code   RO         6559    i.AUDIO_IO_DeInit   stm32f4_discovery.o
    0x080004e6   0x080004e6   0x00000002   PAD
    0x080004e8   0x080004e8   0x00000060   Code   RO         6560    i.AUDIO_IO_Init     stm32f4_discovery.o
    0x08000548   0x08000548   0x0000003c   Code   RO         6561    i.AUDIO_IO_Read     stm32f4_discovery.o
    0x08000584   0x08000584   0x00000038   Code   RO         6562    i.AUDIO_IO_Write    stm32f4_discovery.o
    0x080005bc   0x080005bc   0x00000014   Code   RO         6694    i.BSP_ACCELERO_Click_ITConfig  stm32f4_discovery_accelerometer.o
    0x080005d0   0x080005d0   0x00000048   Code   RO         6696    i.BSP_ACCELERO_Init  stm32f4_discovery_accelerometer.o
    0x08000618   0x08000618   0x00000014   Code   RO         6697    i.BSP_ACCELERO_ReadID  stm32f4_discovery_accelerometer.o
    0x0800062c   0x0800062c   0x00000002   Code   RO         6311    i.BSP_AUDIO_IN_Error_Callback  stm32f4_discovery_audio.o
    0x0800062e   0x0800062e   0x00000002   Code   RO         6322    i.BSP_AUDIO_IN_TransferComplete_CallBack  stm32f4_discovery_audio.o
    0x08000630   0x08000630   0x00000010   Code   RO         6323    i.BSP_AUDIO_OUT_ChangeBuffer  stm32f4_discovery_audio.o
    0x08000640   0x08000640   0x00000054   Code   RO         6324    i.BSP_AUDIO_OUT_ClockConfig  stm32f4_discovery_audio.o
    0x08000694   0x08000694   0x00000002   Code   RO         5572    i.BSP_AUDIO_OUT_Error_CallBack  waveplayer.o
    0x08000696   0x08000696   0x00000002   PAD
    0x08000698   0x08000698   0x0000000c   Code   RO         5573    i.BSP_AUDIO_OUT_HalfTransfer_CallBack  waveplayer.o
    0x080006a4   0x080006a4   0x00000070   Code   RO         6327    i.BSP_AUDIO_OUT_Init  stm32f4_discovery_audio.o
    0x08000714   0x08000714   0x00000104   Code   RO         6329    i.BSP_AUDIO_OUT_MspInit  stm32f4_discovery_audio.o
    0x08000818   0x08000818   0x00000024   Code   RO         6330    i.BSP_AUDIO_OUT_Pause  stm32f4_discovery_audio.o
    0x0800083c   0x0800083c   0x00000040   Code   RO         6331    i.BSP_AUDIO_OUT_Play  stm32f4_discovery_audio.o
    0x0800087c   0x0800087c   0x00000024   Code   RO         6332    i.BSP_AUDIO_OUT_Resume  stm32f4_discovery_audio.o
    0x080008a0   0x080008a0   0x00000040   Code   RO         6337    i.BSP_AUDIO_OUT_Stop  stm32f4_discovery_audio.o
    0x080008e0   0x080008e0   0x00000018   Code   RO         5574    i.BSP_AUDIO_OUT_TransferComplete_CallBack  waveplayer.o
    0x080008f8   0x080008f8   0x00000064   Code   RO         6564    i.BSP_LED_Init      stm32f4_discovery.o
    0x0800095c   0x0800095c   0x0000001c   Code   RO         6565    i.BSP_LED_Off       stm32f4_discovery.o
    0x08000978   0x08000978   0x0000001c   Code   RO         6566    i.BSP_LED_On        stm32f4_discovery.o
    0x08000994   0x08000994   0x00000080   Code   RO         6569    i.BSP_PB_Init       stm32f4_discovery.o
    0x08000a14   0x08000a14   0x00000002   Code   RO         5248    i.BusFault_Handler  stm32f4xx_it.o
    0x08000a16   0x08000a16   0x0000000a   Code   RO          349    i.CODEC_IO_Write    cs43l22.o
    0x08000a20   0x08000a20   0x00000020   Code   RO         5653    i.Create_List       main.o
    0x08000a40   0x08000a40   0x0000000c   Code   RO         5249    i.DMA1_Stream1_IRQHandler  stm32f4xx_it.o
    0x08000a4c   0x08000a4c   0x0000000c   Code   RO         5250    i.DMA1_Stream3_IRQHandler  stm32f4xx_it.o
    0x08000a58   0x08000a58   0x0000000c   Code   RO         5251    i.DMA1_Stream7_IRQHandler  stm32f4xx_it.o
    0x08000a64   0x08000a64   0x00000028   Code   RO          688    i.DMA_CalcBaseAndBitshift  stm32f4xx_hal_dma.o
    0x08000a8c   0x08000a8c   0x00000054   Code   RO          689    i.DMA_CheckFifoParam  stm32f4xx_hal_dma.o
    0x08000ae0   0x08000ae0   0x00000028   Code   RO          690    i.DMA_SetConfig     stm32f4xx_hal_dma.o
    0x08000b08   0x08000b08   0x00000046   Code   RO         4546    i.DeInitStateMachine  usbh_core.o
    0x08000b4e   0x08000b4e   0x00000002   Code   RO         5252    i.DebugMon_Handler  stm32f4xx_it.o
    0x08000b50   0x08000b50   0x00000006   Code   RO         5253    i.EXTI0_IRQHandler  stm32f4xx_it.o
    0x08000b56   0x08000b56   0x00000008   Code   RO         5654    i.Error_Handler     main.o
    0x08000b5e   0x08000b5e   0x00000006   Code   RO         6269    i.FATFS_LinkDriver  ff_gen_drv.o
    0x08000b64   0x08000b64   0x00000040   Code   RO         6270    i.FATFS_LinkDriverEx  ff_gen_drv.o
    0x08000ba4   0x08000ba4   0x000001cc   Code   RO         5575    i.FFT               waveplayer.o
    0x08000d70   0x08000d70   0x0000008e   Code   RO          691    i.HAL_DMA_Abort     stm32f4xx_hal_dma.o
    0x08000dfe   0x08000dfe   0x00000024   Code   RO          692    i.HAL_DMA_Abort_IT  stm32f4xx_hal_dma.o
    0x08000e22   0x08000e22   0x00000056   Code   RO          693    i.HAL_DMA_DeInit    stm32f4xx_hal_dma.o
    0x08000e78   0x08000e78   0x000001a0   Code   RO          696    i.HAL_DMA_IRQHandler  stm32f4xx_hal_dma.o
    0x08001018   0x08001018   0x000000d4   Code   RO          697    i.HAL_DMA_Init      stm32f4xx_hal_dma.o
    0x080010ec   0x080010ec   0x00000078   Code   RO          701    i.HAL_DMA_Start_IT  stm32f4xx_hal_dma.o
    0x08001164   0x08001164   0x00000024   Code   RO         2653    i.HAL_Delay         stm32f4xx_hal.o
    0x08001188   0x08001188   0x0000001c   Code   RO         5655    i.HAL_GPIO_EXTI_Callback  main.o
    0x080011a4   0x080011a4   0x00000018   Code   RO         2819    i.HAL_GPIO_EXTI_IRQHandler  stm32f4xx_hal_gpio.o
    0x080011bc   0x080011bc   0x000001b0   Code   RO         2820    i.HAL_GPIO_Init     stm32f4xx_hal_gpio.o
    0x0800136c   0x0800136c   0x0000000a   Code   RO         2824    i.HAL_GPIO_WritePin  stm32f4xx_hal_gpio.o
    0x08001376   0x08001376   0x00000002   PAD
    0x08001378   0x08001378   0x0000000c   Code   RO         2658    i.HAL_GetREVID      stm32f4xx_hal.o
    0x08001384   0x08001384   0x0000000c   Code   RO         2659    i.HAL_GetTick       stm32f4xx_hal.o
    0x08001390   0x08001390   0x00000008   Code   RO         5425    i.HAL_HCD_Connect_Callback  usbh_conf.o
    0x08001398   0x08001398   0x00000008   Code   RO         5426    i.HAL_HCD_Disconnect_Callback  usbh_conf.o
    0x080013a0   0x080013a0   0x00000006   Code   RO         1711    i.HAL_HCD_GetCurrentFrame  stm32f4xx_hal_hcd.o
    0x080013a6   0x080013a6   0x00000006   Code   RO         1712    i.HAL_HCD_GetCurrentSpeed  stm32f4xx_hal_hcd.o
    0x080013ac   0x080013ac   0x0000000e   Code   RO         1715    i.HAL_HCD_HC_GetURBState  stm32f4xx_hal_hcd.o
    0x080013ba   0x080013ba   0x0000000c   Code   RO         1716    i.HAL_HCD_HC_GetXferCount  stm32f4xx_hal_hcd.o
    0x080013c6   0x080013c6   0x00000024   Code   RO         1717    i.HAL_HCD_HC_Halt   stm32f4xx_hal_hcd.o
    0x080013ea   0x080013ea   0x00000054   Code   RO         1718    i.HAL_HCD_HC_Init   stm32f4xx_hal_hcd.o
    0x0800143e   0x0800143e   0x00000002   Code   RO         5427    i.HAL_HCD_HC_NotifyURBChange_Callback  usbh_conf.o
    0x08001440   0x08001440   0x000000b6   Code   RO         1720    i.HAL_HCD_HC_SubmitRequest  stm32f4xx_hal_hcd.o
    0x080014f6   0x080014f6   0x00000002   PAD
    0x080014f8   0x080014f8   0x0000012e   Code   RO         1721    i.HAL_HCD_IRQHandler  stm32f4xx_hal_hcd.o
    0x08001626   0x08001626   0x0000005a   Code   RO         1722    i.HAL_HCD_Init      stm32f4xx_hal_hcd.o
    0x08001680   0x08001680   0x000000c0   Code   RO         5429    i.HAL_HCD_MspInit   usbh_conf.o
    0x08001740   0x08001740   0x00000006   Code   RO         1725    i.HAL_HCD_ResetPort  stm32f4xx_hal_hcd.o
    0x08001746   0x08001746   0x00000008   Code   RO         5430    i.HAL_HCD_SOF_Callback  usbh_conf.o
    0x0800174e   0x0800174e   0x0000002c   Code   RO         1727    i.HAL_HCD_Start     stm32f4xx_hal_hcd.o
    0x0800177a   0x0800177a   0x00000024   Code   RO         1728    i.HAL_HCD_Stop      stm32f4xx_hal_hcd.o
    0x0800179e   0x0800179e   0x00000032   Code   RO         1258    i.HAL_I2C_DeInit    stm32f4xx_hal_i2c.o
    0x080017d0   0x080017d0   0x00000006   Code   RO         1266    i.HAL_I2C_GetState  stm32f4xx_hal_i2c.o
    0x080017d6   0x080017d6   0x00000002   PAD
    0x080017d8   0x080017d8   0x00000108   Code   RO         1267    i.HAL_I2C_Init      stm32f4xx_hal_i2c.o
    0x080018e0   0x080018e0   0x000001fc   Code   RO         1283    i.HAL_I2C_Mem_Read  stm32f4xx_hal_i2c.o
    0x08001adc   0x08001adc   0x0000013c   Code   RO         1286    i.HAL_I2C_Mem_Write  stm32f4xx_hal_i2c.o
    0x08001c18   0x08001c18   0x00000002   Code   RO         1289    i.HAL_I2C_MspDeInit  stm32f4xx_hal_i2c.o
    0x08001c1a   0x08001c1a   0x00000002   Code   RO         1290    i.HAL_I2C_MspInit   stm32f4xx_hal_i2c.o
    0x08001c1c   0x08001c1c   0x000001e4   Code   RO         3923    i.HAL_I2SEx_FullDuplex_IRQHandler  stm32f4xx_hal_i2s_ex.o
    0x08001e00   0x08001e00   0x00000002   Code   RO         3927    i.HAL_I2SEx_TxRxCpltCallback  stm32f4xx_hal_i2s_ex.o
    0x08001e02   0x08001e02   0x00000002   PAD
    0x08001e04   0x08001e04   0x00000080   Code   RO          794    i.HAL_I2S_DMAPause  stm32f4xx_hal_i2s.o
    0x08001e84   0x08001e84   0x000000bc   Code   RO          795    i.HAL_I2S_DMAResume  stm32f4xx_hal_i2s.o
    0x08001f40   0x08001f40   0x000000cc   Code   RO          796    i.HAL_I2S_DMAStop   stm32f4xx_hal_i2s.o
    0x0800200c   0x0800200c   0x00000028   Code   RO         6339    i.HAL_I2S_ErrorCallback  stm32f4_discovery_audio.o
    0x08002034   0x08002034   0x00000006   Code   RO          800    i.HAL_I2S_GetState  stm32f4xx_hal_i2s.o
    0x0800203a   0x0800203a   0x00000002   PAD
    0x0800203c   0x0800203c   0x00000180   Code   RO          802    i.HAL_I2S_Init      stm32f4xx_hal_i2s.o
    0x080021bc   0x080021bc   0x00000002   Code   RO          804    i.HAL_I2S_MspInit   stm32f4xx_hal_i2s.o
    0x080021be   0x080021be   0x00000008   Code   RO         6340    i.HAL_I2S_RxCpltCallback  stm32f4_discovery_audio.o
    0x080021c6   0x080021c6   0x00000002   PAD
    0x080021c8   0x080021c8   0x000000a8   Code   RO          811    i.HAL_I2S_Transmit_DMA  stm32f4xx_hal_i2s.o
    0x08002270   0x08002270   0x00000014   Code   RO         6342    i.HAL_I2S_TxCpltCallback  stm32f4_discovery_audio.o
    0x08002284   0x08002284   0x00000014   Code   RO         6343    i.HAL_I2S_TxHalfCpltCallback  stm32f4_discovery_audio.o
    0x08002298   0x08002298   0x00000010   Code   RO         2663    i.HAL_IncTick       stm32f4xx_hal.o
    0x080022a8   0x080022a8   0x0000002c   Code   RO         2664    i.HAL_Init          stm32f4xx_hal.o
    0x080022d4   0x080022d4   0x00000040   Code   RO         2665    i.HAL_InitTick      stm32f4xx_hal.o
    0x08002314   0x08002314   0x00000058   Code   RO         5780    i.HAL_MspInit       stm32f4xx_hal_msp.o
    0x0800236c   0x0800236c   0x00000016   Code   RO         1877    i.HAL_NVIC_EnableIRQ  stm32f4xx_hal_cortex.o
    0x08002382   0x08002382   0x00000002   PAD
    0x08002384   0x08002384   0x00000040   Code   RO         1883    i.HAL_NVIC_SetPriority  stm32f4xx_hal_cortex.o
    0x080023c4   0x080023c4   0x00000024   Code   RO         1884    i.HAL_NVIC_SetPriorityGrouping  stm32f4xx_hal_cortex.o
    0x080023e8   0x080023e8   0x00000034   Code   RO         1656    i.HAL_RCCEx_GetPeriphCLKConfig  stm32f4xx_hal_rcc_ex.o
    0x0800241c   0x0800241c   0x0000005c   Code   RO         1657    i.HAL_RCCEx_GetPeriphCLKFreq  stm32f4xx_hal_rcc_ex.o
    0x08002478   0x08002478   0x0000013c   Code   RO         1658    i.HAL_RCCEx_PeriphCLKConfig  stm32f4xx_hal_rcc_ex.o
    0x080025b4   0x080025b4   0x00000130   Code   RO         2485    i.HAL_RCC_ClockConfig  stm32f4xx_hal_rcc.o
    0x080026e4   0x080026e4   0x00000020   Code   RO         2492    i.HAL_RCC_GetPCLK1Freq  stm32f4xx_hal_rcc.o
    0x08002704   0x08002704   0x00000020   Code   RO         2493    i.HAL_RCC_GetPCLK2Freq  stm32f4xx_hal_rcc.o
    0x08002724   0x08002724   0x00000060   Code   RO         2494    i.HAL_RCC_GetSysClockFreq  stm32f4xx_hal_rcc.o
    0x08002784   0x08002784   0x0000031c   Code   RO         2497    i.HAL_RCC_OscConfig  stm32f4xx_hal_rcc.o
    0x08002aa0   0x08002aa0   0x0000002e   Code   RO         3520    i.HAL_SPI_DeInit    stm32f4xx_hal_spi.o
    0x08002ace   0x08002ace   0x00000006   Code   RO         3523    i.HAL_SPI_GetState  stm32f4xx_hal_spi.o
    0x08002ad4   0x08002ad4   0x0000008c   Code   RO         3525    i.HAL_SPI_Init      stm32f4xx_hal_spi.o
    0x08002b60   0x08002b60   0x00000002   Code   RO         3526    i.HAL_SPI_MspDeInit  stm32f4xx_hal_spi.o
    0x08002b62   0x08002b62   0x00000002   Code   RO         3527    i.HAL_SPI_MspInit   stm32f4xx_hal_spi.o
    0x08002b64   0x08002b64   0x0000026e   Code   RO         3534    i.HAL_SPI_TransmitReceive  stm32f4xx_hal_spi.o
    0x08002dd2   0x08002dd2   0x00000028   Code   RO         1888    i.HAL_SYSTICK_Config  stm32f4xx_hal_cortex.o
    0x08002dfa   0x08002dfa   0x00000002   Code   RO         2007    i.HAL_TIMEx_BreakCallback  stm32f4xx_hal_tim_ex.o
    0x08002dfc   0x08002dfc   0x00000002   Code   RO         2008    i.HAL_TIMEx_CommutationCallback  stm32f4xx_hal_tim_ex.o
    0x08002dfe   0x08002dfe   0x00000050   Code   RO         2024    i.HAL_TIMEx_MasterConfigSynchronization  stm32f4xx_hal_tim_ex.o
    0x08002e4e   0x08002e4e   0x00000036   Code   RO         2885    i.HAL_TIM_Base_Init  stm32f4xx_hal_tim.o
    0x08002e84   0x08002e84   0x0000003c   Code   RO         5782    i.HAL_TIM_Base_MspInit  stm32f4xx_hal_msp.o
    0x08002ec0   0x08002ec0   0x000000f2   Code   RO         2894    i.HAL_TIM_ConfigClockSource  stm32f4xx_hal_tim.o
    0x08002fb2   0x08002fb2   0x00000002   Code   RO         2914    i.HAL_TIM_IC_CaptureCallback  stm32f4xx_hal_tim.o
    0x08002fb4   0x08002fb4   0x00000166   Code   RO         2927    i.HAL_TIM_IRQHandler  stm32f4xx_hal_tim.o
    0x0800311a   0x0800311a   0x00000002   PAD
    0x0800311c   0x0800311c   0x00000054   Code   RO         5783    i.HAL_TIM_MspPostInit  stm32f4xx_hal_msp.o
    0x08003170   0x08003170   0x00000002   Code   RO         2930    i.HAL_TIM_OC_DelayElapsedCallback  stm32f4xx_hal_tim.o
    0x08003172   0x08003172   0x000000d0   Code   RO         2951    i.HAL_TIM_PWM_ConfigChannel  stm32f4xx_hal_tim.o
    0x08003242   0x08003242   0x00000036   Code   RO         2954    i.HAL_TIM_PWM_Init  stm32f4xx_hal_tim.o
    0x08003278   0x08003278   0x00000002   Code   RO         2956    i.HAL_TIM_PWM_MspInit  stm32f4xx_hal_tim.o
    0x0800327a   0x0800327a   0x00000002   Code   RO         2957    i.HAL_TIM_PWM_PulseFinishedCallback  stm32f4xx_hal_tim.o
    0x0800327c   0x0800327c   0x00000038   Code   RO         2958    i.HAL_TIM_PWM_Start  stm32f4xx_hal_tim.o
    0x080032b4   0x080032b4   0x00000002   Code   RO         2964    i.HAL_TIM_PeriodElapsedCallback  stm32f4xx_hal_tim.o
    0x080032b6   0x080032b6   0x00000002   Code   RO         2968    i.HAL_TIM_TriggerCallback  stm32f4xx_hal_tim.o
    0x080032b8   0x080032b8   0x00000002   Code   RO         4064    i.HAL_UART_ErrorCallback  stm32f4xx_hal_uart.o
    0x080032ba   0x080032ba   0x00000002   PAD
    0x080032bc   0x080032bc   0x00000110   Code   RO         4067    i.HAL_UART_IRQHandler  stm32f4xx_hal_uart.o
    0x080033cc   0x080033cc   0x00000062   Code   RO         4068    i.HAL_UART_Init     stm32f4xx_hal_uart.o
    0x0800342e   0x0800342e   0x00000002   PAD
    0x08003430   0x08003430   0x000000c4   Code   RO         5785    i.HAL_UART_MspInit  stm32f4xx_hal_msp.o
    0x080034f4   0x080034f4   0x00000098   Code   RO         4072    i.HAL_UART_Receive_DMA  stm32f4xx_hal_uart.o
    0x0800358c   0x0800358c   0x00000048   Code   RO         4073    i.HAL_UART_Receive_IT  stm32f4xx_hal_uart.o
    0x080035d4   0x080035d4   0x00000190   Code   RO         5656    i.HAL_UART_RxCpltCallback  main.o
    0x08003764   0x08003764   0x00000002   Code   RO         4075    i.HAL_UART_RxHalfCpltCallback  stm32f4xx_hal_uart.o
    0x08003766   0x08003766   0x000000ba   Code   RO         4076    i.HAL_UART_Transmit  stm32f4xx_hal_uart.o
    0x08003820   0x08003820   0x00000002   Code   RO         4079    i.HAL_UART_TxCpltCallback  stm32f4xx_hal_uart.o
    0x08003822   0x08003822   0x00000232   Code   RO         1729    i.HCD_HC_IN_IRQHandler  stm32f4xx_hal_hcd.o
    0x08003a54   0x08003a54   0x00000216   Code   RO         1730    i.HCD_HC_OUT_IRQHandler  stm32f4xx_hal_hcd.o
    0x08003c6a   0x08003c6a   0x000000ac   Code   RO         1731    i.HCD_Port_IRQHandler  stm32f4xx_hal_hcd.o
    0x08003d16   0x08003d16   0x00000002   PAD
    0x08003d18   0x08003d18   0x00000070   Code   RO         1732    i.HCD_RXQLVL_IRQHandler  stm32f4xx_hal_hcd.o
    0x08003d88   0x08003d88   0x00000002   Code   RO         5254    i.HardFault_Handler  stm32f4xx_it.o
    0x08003d8a   0x08003d8a   0x00000028   Code   RO         1305    i.I2C_IsAcknowledgeFailed  stm32f4xx_hal_i2c.o
    0x08003db2   0x08003db2   0x000000f0   Code   RO         1314    i.I2C_RequestMemoryRead  stm32f4xx_hal_i2c.o
    0x08003ea2   0x08003ea2   0x00000002   PAD
    0x08003ea4   0x08003ea4   0x000000a0   Code   RO         1315    i.I2C_RequestMemoryWrite  stm32f4xx_hal_i2c.o
    0x08003f44   0x08003f44   0x0000004e   Code   RO         1318    i.I2C_WaitOnBTFFlagUntilTimeout  stm32f4xx_hal_i2c.o
    0x08003f92   0x08003f92   0x00000060   Code   RO         1319    i.I2C_WaitOnFlagUntilTimeout  stm32f4xx_hal_i2c.o
    0x08003ff2   0x08003ff2   0x00000002   PAD
    0x08003ff4   0x08003ff4   0x00000088   Code   RO         1320    i.I2C_WaitOnMasterAddressFlagUntilTimeout  stm32f4xx_hal_i2c.o
    0x0800407c   0x0800407c   0x00000062   Code   RO         1321    i.I2C_WaitOnRXNEFlagUntilTimeout  stm32f4xx_hal_i2c.o
    0x080040de   0x080040de   0x0000004e   Code   RO         1322    i.I2C_WaitOnTXEFlagUntilTimeout  stm32f4xx_hal_i2c.o
    0x0800412c   0x0800412c   0x00000014   Code   RO         6570    i.I2Cx_Error        stm32f4_discovery.o
    0x08004140   0x08004140   0x00000040   Code   RO         6571    i.I2Cx_Init         stm32f4_discovery.o
    0x08004180   0x08004180   0x00000088   Code   RO         6572    i.I2Cx_MspInit      stm32f4_discovery.o
    0x08004208   0x08004208   0x0000003c   Code   RO         6345    i.I2S3_Init         stm32f4_discovery_audio.o
    0x08004244   0x08004244   0x00000088   Code   RO         3929    i.I2SEx_FullDuplexRx_IT  stm32f4xx_hal_i2s_ex.o
    0x080042cc   0x080042cc   0x00000084   Code   RO         3930    i.I2SEx_FullDuplexTx_IT  stm32f4xx_hal_i2s_ex.o
    0x08004350   0x08004350   0x00000028   Code   RO          815    i.I2S_DMAError      stm32f4xx_hal_i2s.o
    0x08004378   0x08004378   0x00000028   Code   RO          818    i.I2S_DMATxCplt     stm32f4xx_hal_i2s.o
    0x080043a0   0x080043a0   0x0000000a   Code   RO          819    i.I2S_DMATxHalfCplt  stm32f4xx_hal_i2s.o
    0x080043aa   0x080043aa   0x000000f0   Code   RO          820    i.I2S_IRQHandler    stm32f4xx_hal_i2s.o
    0x0800449a   0x0800449a   0x0000001e   Code   RO          442    i.LIS302DL_Click_IntClear  lis302dl.o
    0x080044b8   0x080044b8   0x000000a4   Code   RO          443    i.LIS302DL_Click_IntConfig  lis302dl.o
    0x0800455c   0x0800455c   0x00000002   Code   RO          445    i.LIS302DL_DeInit   lis302dl.o
    0x0800455e   0x0800455e   0x0000002e   Code   RO          446    i.LIS302DL_FilterConfig  lis302dl.o
    0x0800458c   0x0800458c   0x0000001e   Code   RO          448    i.LIS302DL_Init     lis302dl.o
    0x080045aa   0x080045aa   0x0000002e   Code   RO          449    i.LIS302DL_InterruptConfig  lis302dl.o
    0x080045d8   0x080045d8   0x00000068   Code   RO          451    i.LIS302DL_ReadACC  lis302dl.o
    0x08004640   0x08004640   0x0000001c   Code   RO          452    i.LIS302DL_ReadID   lis302dl.o
    0x0800465c   0x0800465c   0x00000024   Code   RO          453    i.LIS302DL_RebootCmd  lis302dl.o
    0x08004680   0x08004680   0x000000d2   Code   RO          529    i.LIS3DSH_Click_IntConfig  lis3dsh.o
    0x08004752   0x08004752   0x00000002   Code   RO          531    i.LIS3DSH_DeInit    lis3dsh.o
    0x08004754   0x08004754   0x0000002e   Code   RO          533    i.LIS3DSH_Init      lis3dsh.o
    0x08004782   0x08004782   0x0000004c   Code   RO          534    i.LIS3DSH_InterruptConfig  lis3dsh.o
    0x080047ce   0x080047ce   0x00000002   PAD
    0x080047d0   0x080047d0   0x000000dc   Code   RO          536    i.LIS3DSH_ReadACC   lis3dsh.o
    0x080048ac   0x080048ac   0x0000001c   Code   RO          537    i.LIS3DSH_ReadID    lis3dsh.o
    0x080048c8   0x080048c8   0x00000024   Code   RO          538    i.LIS3DSH_RebootCmd  lis3dsh.o
    0x080048ec   0x080048ec   0x00000048   Code   RO         5657    i.MSC_Application   main.o
    0x08004934   0x08004934   0x0000005c   Code   RO         5741    i.MX_GPIO_Init      timerpwm.o
    0x08004990   0x08004990   0x00000080   Code   RO         5742    i.MX_TIM2_Init      timerpwm.o
    0x08004a10   0x08004a10   0x00000080   Code   RO         5743    i.MX_TIM3_Init      timerpwm.o
    0x08004a90   0x08004a90   0x00000002   Code   RO         5255    i.MemManage_Handler  stm32f4xx_it.o
    0x08004a92   0x08004a92   0x00000002   PAD
    0x08004a94   0x08004a94   0x00000058   Code   RO         5865    i.MessageParseJson  jsonparse.o
    0x08004aec   0x08004aec   0x00000002   Code   RO         5256    i.NMI_Handler       stm32f4xx_it.o
    0x08004aee   0x08004aee   0x00000020   Code   RO         1890    i.NVIC_SetPriority  stm32f4xx_hal_cortex.o
    0x08004b0e   0x08004b0e   0x00000002   PAD
    0x08004b10   0x08004b10   0x0000003c   Code   RO         5866    i.NameParseJson     jsonparse.o
    0x08004b4c   0x08004b4c   0x0000000c   Code   RO         5257    i.OTG_FS_IRQHandler  stm32f4xx_it.o
    0x08004b58   0x08004b58   0x00000014   Code   RO         5835    i.PWM_duty          utitils.o
    0x08004b6c   0x08004b6c   0x00000002   Code   RO         5258    i.PendSV_Handler    stm32f4xx_it.o
    0x08004b6e   0x08004b6e   0x00000020   Code   RO         3551    i.SPI_CheckFlag_BSY  stm32f4xx_hal_spi.o
    0x08004b8e   0x08004b8e   0x00000096   Code   RO         3571    i.SPI_WaitFlagStateUntilTimeout  stm32f4xx_hal_spi.o
    0x08004c24   0x08004c24   0x00000098   Code   RO         6573    i.SPIx_Init         stm32f4_discovery.o
    0x08004cbc   0x08004cbc   0x00000038   Code   RO         6574    i.SPIx_WriteRead    stm32f4_discovery.o
    0x08004cf4   0x08004cf4   0x00000002   Code   RO         5259    i.SVC_Handler       stm32f4xx_it.o
    0x08004cf6   0x08004cf6   0x00000002   PAD
    0x08004cf8   0x08004cf8   0x00000188   Code   RO         5658    i.Send_Status       main.o
    0x08004e80   0x08004e80   0x0000005c   Code   RO         5659    i.Start_Channel_PWM  main.o
    0x08004edc   0x08004edc   0x00000020   Code   RO         5260    i.SysTick_Handler   stm32f4xx_it.o
    0x08004efc   0x08004efc   0x00000098   Code   RO         5660    i.SystemClock_Config  main.o
    0x08004f94   0x08004f94   0x00000054   Code   RO         4736    i.SystemInit        system_stm32f4xx.o
    0x08004fe8   0x08004fe8   0x0000000c   Code   RO         5261    i.TIM4_IRQHandler   stm32f4xx_it.o
    0x08004ff4   0x08004ff4   0x000000c0   Code   RO         2969    i.TIM_Base_SetConfig  stm32f4xx_hal_tim.o
    0x080050b4   0x080050b4   0x00000016   Code   RO         2970    i.TIM_CCxChannelCmd  stm32f4xx_hal_tim.o
    0x080050ca   0x080050ca   0x00000014   Code   RO         2976    i.TIM_ETR_SetConfig  stm32f4xx_hal_tim.o
    0x080050de   0x080050de   0x00000010   Code   RO         2977    i.TIM_ITRx_SetConfig  stm32f4xx_hal_tim.o
    0x080050ee   0x080050ee   0x00000002   PAD
    0x080050f0   0x080050f0   0x00000058   Code   RO         2978    i.TIM_OC1_SetConfig  stm32f4xx_hal_tim.o
    0x08005148   0x08005148   0x00000064   Code   RO         2979    i.TIM_OC2_SetConfig  stm32f4xx_hal_tim.o
    0x080051ac   0x080051ac   0x00000060   Code   RO         2980    i.TIM_OC3_SetConfig  stm32f4xx_hal_tim.o
    0x0800520c   0x0800520c   0x00000050   Code   RO         2981    i.TIM_OC4_SetConfig  stm32f4xx_hal_tim.o
    0x0800525c   0x0800525c   0x00000022   Code   RO         2983    i.TIM_TI1_ConfigInputStage  stm32f4xx_hal_tim.o
    0x0800527e   0x0800527e   0x00000024   Code   RO         2985    i.TIM_TI2_ConfigInputStage  stm32f4xx_hal_tim.o
    0x080052a2   0x080052a2   0x00000010   Code   RO         4081    i.UART_DMAAbortOnError  stm32f4xx_hal_uart.o
    0x080052b2   0x080052b2   0x0000004a   Code   RO         4082    i.UART_DMAError     stm32f4xx_hal_uart.o
    0x080052fc   0x080052fc   0x0000003c   Code   RO         4083    i.UART_DMAReceiveCplt  stm32f4xx_hal_uart.o
    0x08005338   0x08005338   0x0000000a   Code   RO         4085    i.UART_DMARxHalfCplt  stm32f4xx_hal_uart.o
    0x08005342   0x08005342   0x0000001c   Code   RO         4091    i.UART_EndRxTransfer  stm32f4xx_hal_uart.o
    0x0800535e   0x0800535e   0x00000012   Code   RO         4092    i.UART_EndTxTransfer  stm32f4xx_hal_uart.o
    0x08005370   0x08005370   0x0000008c   Code   RO         4093    i.UART_Receive_IT   stm32f4xx_hal_uart.o
    0x080053fc   0x080053fc   0x000002ac   Code   RO         4094    i.UART_SetConfig    stm32f4xx_hal_uart.o
    0x080056a8   0x080056a8   0x00000062   Code   RO         4095    i.UART_Transmit_IT  stm32f4xx_hal_uart.o
    0x0800570a   0x0800570a   0x00000064   Code   RO         4096    i.UART_WaitOnFlagUntilTimeout  stm32f4xx_hal_uart.o
    0x0800576e   0x0800576e   0x00000002   PAD
    0x08005770   0x08005770   0x0000000c   Code   RO         5262    i.USART3_IRQHandler  stm32f4xx_it.o
    0x0800577c   0x0800577c   0x00000034   Code   RO         4416    i.USBH_AllocPipe    usbh_pipes.o
    0x080057b0   0x080057b0   0x00000020   Code   RO         4663    i.USBH_BulkReceiveData  usbh_ioreq.o
    0x080057d0   0x080057d0   0x00000028   Code   RO         4664    i.USBH_BulkSendData  usbh_ioreq.o
    0x080057f8   0x080057f8   0x0000000a   Code   RO         4417    i.USBH_ClosePipe    usbh_pipes.o
    0x08005802   0x08005802   0x0000001e   Code   RO         4458    i.USBH_ClrFeature   usbh_ctlreq.o
    0x08005820   0x08005820   0x0000001e   Code   RO         4665    i.USBH_CtlReceiveData  usbh_ioreq.o
    0x0800583e   0x0800583e   0x00000036   Code   RO         4459    i.USBH_CtlReq       usbh_ctlreq.o
    0x08005874   0x08005874   0x00000028   Code   RO         4666    i.USBH_CtlSendData  usbh_ioreq.o
    0x0800589c   0x0800589c   0x0000001e   Code   RO         4667    i.USBH_CtlSendSetup  usbh_ioreq.o
    0x080058ba   0x080058ba   0x00000004   Code   RO         5431    i.USBH_Delay        usbh_conf.o
    0x080058be   0x080058be   0x00000044   Code   RO         4548    i.USBH_FindInterface  usbh_core.o
    0x08005902   0x08005902   0x00000018   Code   RO         4418    i.USBH_FreePipe     usbh_pipes.o
    0x0800591a   0x0800591a   0x00000034   Code   RO         4460    i.USBH_GetDescriptor  usbh_ctlreq.o
    0x0800594e   0x0800594e   0x0000000e   Code   RO         4461    i.USBH_GetNextDesc  usbh_ctlreq.o
    0x0800595c   0x0800595c   0x0000002c   Code   RO         4462    i.USBH_Get_CfgDesc  usbh_ctlreq.o
    0x08005988   0x08005988   0x00000080   Code   RO         4463    i.USBH_Get_DevDesc  usbh_ctlreq.o
    0x08005a08   0x08005a08   0x00000048   Code   RO         4464    i.USBH_Get_StringDesc  usbh_ctlreq.o
    0x08005a50   0x08005a50   0x0000017e   Code   RO         4465    i.USBH_HandleControl  usbh_ctlreq.o
    0x08005bce   0x08005bce   0x000000f2   Code   RO         4551    i.USBH_HandleEnum   usbh_core.o
    0x08005cc0   0x08005cc0   0x00000030   Code   RO         4552    i.USBH_Init         usbh_core.o
    0x08005cf0   0x08005cf0   0x0000000e   Code   RO         5432    i.USBH_LL_ClosePipe  usbh_conf.o
    0x08005cfe   0x08005cfe   0x00000028   Code   RO         4553    i.USBH_LL_Connect   usbh_core.o
    0x08005d26   0x08005d26   0x00000038   Code   RO         4554    i.USBH_LL_Disconnect  usbh_core.o
    0x08005d5e   0x08005d5e   0x00000002   PAD
    0x08005d60   0x08005d60   0x00000020   Code   RO         5434    i.USBH_LL_DriverVBUS  usbh_conf.o
    0x08005d80   0x08005d80   0x00000008   Code   RO         5435    i.USBH_LL_GetLastXferSize  usbh_conf.o
    0x08005d88   0x08005d88   0x00000022   Code   RO         5436    i.USBH_LL_GetSpeed  usbh_conf.o
    0x08005daa   0x08005daa   0x00000002   PAD
    0x08005dac   0x08005dac   0x00000020   Code   RO         5437    i.USBH_LL_GetToggle  usbh_conf.o
    0x08005dcc   0x08005dcc   0x00000008   Code   RO         5438    i.USBH_LL_GetURBState  usbh_conf.o
    0x08005dd4   0x08005dd4   0x0000001e   Code   RO         4555    i.USBH_LL_IncTimer  usbh_core.o
    0x08005df2   0x08005df2   0x00000002   PAD
    0x08005df4   0x08005df4   0x0000004c   Code   RO         5439    i.USBH_LL_Init      usbh_conf.o
    0x08005e40   0x08005e40   0x00000018   Code   RO         5440    i.USBH_LL_OpenPipe  usbh_conf.o
    0x08005e58   0x08005e58   0x0000000e   Code   RO         5441    i.USBH_LL_ResetPort  usbh_conf.o
    0x08005e66   0x08005e66   0x00000006   Code   RO         4556    i.USBH_LL_SetTimer  usbh_core.o
    0x08005e6c   0x08005e6c   0x00000024   Code   RO         5442    i.USBH_LL_SetToggle  usbh_conf.o
    0x08005e90   0x08005e90   0x0000000e   Code   RO         5443    i.USBH_LL_Start     usbh_conf.o
    0x08005e9e   0x08005e9e   0x0000000e   Code   RO         5444    i.USBH_LL_Stop      usbh_conf.o
    0x08005eac   0x08005eac   0x00000020   Code   RO         5445    i.USBH_LL_SubmitURB  usbh_conf.o
    0x08005ecc   0x08005ecc   0x0000001e   Code   RO          298    i.USBH_MSC_BOT_Abort  usbh_msc_bot.o
    0x08005eea   0x08005eea   0x00000002   PAD
    0x08005eec   0x08005eec   0x00000024   Code   RO          299    i.USBH_MSC_BOT_Init  usbh_msc_bot.o
    0x08005f10   0x08005f10   0x000001dc   Code   RO          300    i.USBH_MSC_BOT_Process  usbh_msc_bot.o
    0x080060ec   0x080060ec   0x00000016   Code   RO          301    i.USBH_MSC_BOT_REQ_GetMaxLUN  usbh_msc_bot.o
    0x08006102   0x08006102   0x00000016   Code   RO          302    i.USBH_MSC_BOT_REQ_Reset  usbh_msc_bot.o
    0x08006118   0x08006118   0x0000006c   Code   RO          207    i.USBH_MSC_ClassRequest  usbh_msc.o
    0x08006184   0x08006184   0x0000002e   Code   RO          208    i.USBH_MSC_GetLUNInfo  usbh_msc.o
    0x080061b2   0x080061b2   0x0000004a   Code   RO          210    i.USBH_MSC_InterfaceDeInit  usbh_msc.o
    0x080061fc   0x080061fc   0x0000014c   Code   RO          211    i.USBH_MSC_InterfaceInit  usbh_msc.o
    0x08006348   0x08006348   0x00000290   Code   RO          213    i.USBH_MSC_Process  usbh_msc.o
    0x080065d8   0x080065d8   0x0000008e   Code   RO          214    i.USBH_MSC_RdWrProcess  usbh_msc.o
    0x08006666   0x08006666   0x0000008a   Code   RO          215    i.USBH_MSC_Read     usbh_msc.o
    0x080066f0   0x080066f0   0x000000c0   Code   RO            4    i.USBH_MSC_SCSI_Inquiry  usbh_msc_scsi.o
    0x080067b0   0x080067b0   0x0000007c   Code   RO            5    i.USBH_MSC_SCSI_Read  usbh_msc_scsi.o
    0x0800682c   0x0800682c   0x0000007a   Code   RO            6    i.USBH_MSC_SCSI_ReadCapacity  usbh_msc_scsi.o
    0x080068a6   0x080068a6   0x00000092   Code   RO            7    i.USBH_MSC_SCSI_RequestSense  usbh_msc_scsi.o
    0x08006938   0x08006938   0x0000004c   Code   RO            8    i.USBH_MSC_SCSI_TestUnitReady  usbh_msc_scsi.o
    0x08006984   0x08006984   0x0000007c   Code   RO            9    i.USBH_MSC_SCSI_Write  usbh_msc_scsi.o
    0x08006a00   0x08006a00   0x00000004   Code   RO          216    i.USBH_MSC_SOFProcess  usbh_msc.o
    0x08006a04   0x08006a04   0x00000026   Code   RO          217    i.USBH_MSC_UnitIsReady  usbh_msc.o
    0x08006a2a   0x08006a2a   0x0000008a   Code   RO          218    i.USBH_MSC_Write    usbh_msc.o
    0x08006ab4   0x08006ab4   0x00000014   Code   RO         4419    i.USBH_OpenPipe     usbh_pipes.o
    0x08006ac8   0x08006ac8   0x000000e8   Code   RO         4466    i.USBH_ParseCfgDesc  usbh_ctlreq.o
    0x08006bb0   0x08006bb0   0x00000168   Code   RO         4557    i.USBH_Process      usbh_core.o
    0x08006d18   0x08006d18   0x0000001c   Code   RO         4559    i.USBH_RegisterClass  usbh_core.o
    0x08006d34   0x08006d34   0x00000016   Code   RO         4560    i.USBH_SelectInterface  usbh_core.o
    0x08006d4a   0x08006d4a   0x0000001c   Code   RO         4467    i.USBH_SetAddress   usbh_ctlreq.o
    0x08006d66   0x08006d66   0x0000001c   Code   RO         4468    i.USBH_SetCfg       usbh_ctlreq.o
    0x08006d82   0x08006d82   0x00000014   Code   RO         4561    i.USBH_Start        usbh_core.o
    0x08006d96   0x08006d96   0x00000002   PAD
    0x08006d98   0x08006d98   0x00000038   Code   RO         5661    i.USBH_UserProcess  main.o
    0x08006dd0   0x08006dd0   0x00000004   Code   RO          607    i.USBH_initialize   usbh_diskio_dma.o
    0x08006dd4   0x08006dd4   0x00000064   Code   RO          608    i.USBH_ioctl        usbh_diskio_dma.o
    0x08006e38   0x08006e38   0x00000084   Code   RO          609    i.USBH_read         usbh_diskio_dma.o
    0x08006ebc   0x08006ebc   0x00000018   Code   RO          610    i.USBH_status       usbh_diskio_dma.o
    0x08006ed4   0x08006ed4   0x00000090   Code   RO          611    i.USBH_write        usbh_diskio_dma.o
    0x08006f64   0x08006f64   0x0000006c   Code   RO          977    i.USB_CoreInit      stm32f4xx_ll_usb.o
    0x08006fd0   0x08006fd0   0x00000038   Code   RO          978    i.USB_CoreReset     stm32f4xx_ll_usb.o
    0x08007008   0x08007008   0x0000000c   Code   RO          984    i.USB_DisableGlobalInt  stm32f4xx_ll_usb.o
    0x08007014   0x08007014   0x00000040   Code   RO          985    i.USB_DoPing        stm32f4xx_ll_usb.o
    0x08007054   0x08007054   0x0000002c   Code   RO          986    i.USB_DriveVbus     stm32f4xx_ll_usb.o
    0x08007080   0x08007080   0x0000000c   Code   RO          992    i.USB_EnableGlobalInt  stm32f4xx_ll_usb.o
    0x0800708c   0x0800708c   0x00000020   Code   RO          993    i.USB_FlushRxFifo   stm32f4xx_ll_usb.o
    0x080070ac   0x080070ac   0x00000024   Code   RO          994    i.USB_FlushTxFifo   stm32f4xx_ll_usb.o
    0x080070d0   0x080070d0   0x00000008   Code   RO          995    i.USB_GetCurrentFrame  stm32f4xx_ll_usb.o
    0x080070d8   0x080070d8   0x0000000e   Code   RO          997    i.USB_GetHostSpeed  stm32f4xx_ll_usb.o
    0x080070e6   0x080070e6   0x00000008   Code   RO          998    i.USB_GetMode       stm32f4xx_ll_usb.o
    0x080070ee   0x080070ee   0x00000148   Code   RO          999    i.USB_HC_Halt       stm32f4xx_ll_usb.o
    0x08007236   0x08007236   0x00000002   PAD
    0x08007238   0x08007238   0x000000ea   Code   RO         1000    i.USB_HC_Init       stm32f4xx_ll_usb.o
    0x08007322   0x08007322   0x0000000c   Code   RO         1001    i.USB_HC_ReadInterrupt  stm32f4xx_ll_usb.o
    0x0800732e   0x0800732e   0x00000002   PAD
    0x08007330   0x08007330   0x00000188   Code   RO         1002    i.USB_HC_StartXfer  stm32f4xx_ll_usb.o
    0x080074b8   0x080074b8   0x000000d4   Code   RO         1003    i.USB_HostInit      stm32f4xx_ll_usb.o
    0x0800758c   0x0800758c   0x00000036   Code   RO         1004    i.USB_InitFSLSPClkSel  stm32f4xx_ll_usb.o
    0x080075c2   0x080075c2   0x00000008   Code   RO         1009    i.USB_ReadInterrupts  stm32f4xx_ll_usb.o
    0x080075ca   0x080075ca   0x00000020   Code   RO         1010    i.USB_ReadPacket    stm32f4xx_ll_usb.o
    0x080075ea   0x080075ea   0x0000002c   Code   RO         1011    i.USB_ResetPort     stm32f4xx_ll_usb.o
    0x08007616   0x08007616   0x0000002c   Code   RO         1012    i.USB_SetCurrentMode  stm32f4xx_ll_usb.o
    0x08007642   0x08007642   0x000000b2   Code   RO         1016    i.USB_StopHost      stm32f4xx_ll_usb.o
    0x080076f4   0x080076f4   0x00000028   Code   RO         1017    i.USB_WritePacket   stm32f4xx_ll_usb.o
    0x0800771c   0x0800771c   0x00000002   Code   RO         5263    i.UsageFault_Handler  stm32f4xx_it.o
    0x0800771e   0x0800771e   0x00000002   PAD
    0x08007720   0x08007720   0x0000018c   Code   RO         5576    i.WavePlayBack      waveplayer.o
    0x080078ac   0x080078ac   0x0000001c   Code   RO         5577    i.WavePlayerInit    waveplayer.o
    0x080078c8   0x080078c8   0x0000000a   Code   RO         5578    i.WavePlayerPauseResume  waveplayer.o
    0x080078d2   0x080078d2   0x00000002   PAD
    0x080078d4   0x080078d4   0x000000ec   Code   RO         5579    i.WavePlayerStart   waveplayer.o
    0x080079c0   0x080079c0   0x0000005c   Code   RO         5581    i.WavePlayer_CallBack  waveplayer.o
    0x08007a1c   0x08007a1c   0x0000000e   Code   RO         7164    i.__scatterload_copy  mc_w.l(handlers.o)
    0x08007a2a   0x08007a2a   0x00000002   Code   RO         7165    i.__scatterload_null  mc_w.l(handlers.o)
    0x08007a2c   0x08007a2c   0x0000000e   Code   RO         7166    i.__scatterload_zeroinit  mc_w.l(handlers.o)
    0x08007a3a   0x08007a3a   0x000000a8   Code   RO         5026    i.arm_bitreversal_f32  arm_bitreversal.o
    0x08007ae2   0x08007ae2   0x0000003c   Code   RO         5098    i.arm_cfft_radix4_f32  arm_cfft_radix4_f32.o
    0x08007b1e   0x08007b1e   0x00000002   PAD
    0x08007b20   0x08007b20   0x000000b0   Code   RO         5134    i.arm_cfft_radix4_init_f32  arm_cfft_radix4_init_f32.o
    0x08007bd0   0x08007bd0   0x000000a8   Code   RO         4946    i.arm_cmplx_mag_f32  arm_cmplx_mag_f32.o
    0x08007c78   0x08007c78   0x00000092   Code   RO         4978    i.arm_max_f32       arm_max_f32.o
    0x08007d0a   0x08007d0a   0x00000002   PAD
    0x08007d0c   0x08007d0c   0x00000308   Code   RO         5099    i.arm_radix4_butterfly_f32  arm_cfft_radix4_f32.o
    0x08008014   0x08008014   0x00000320   Code   RO         5100    i.arm_radix4_butterfly_inverse_f32  arm_cfft_radix4_f32.o
    0x08008334   0x08008334   0x00000028   Code   RO         4947    i.arm_sqrt_f32      arm_cmplx_mag_f32.o
    0x0800835c   0x0800835c   0x00000070   Code   RO         5939    i.check_fs          ff.o
    0x080083cc   0x080083cc   0x00000010   Code   RO         5940    i.chk_chr           ff.o
    0x080083dc   0x080083dc   0x0000005c   Code   RO         5941    i.chk_lock          ff.o
    0x08008438   0x08008438   0x00000020   Code   RO         5942    i.clear_lock        ff.o
    0x08008458   0x08008458   0x00000024   Code   RO         5943    i.clmt_clust        ff.o
    0x0800847c   0x0800847c   0x00000018   Code   RO         5944    i.clust2sect        ff.o
    0x08008494   0x08008494   0x00000080   Code   RO         5945    i.cmp_lfn           ff.o
    0x08008514   0x08008514   0x000000a4   Code   RO         5946    i.create_chain      ff.o
    0x080085b8   0x080085b8   0x00000208   Code   RO         5947    i.create_name       ff.o
    0x080087c0   0x080087c0   0x00000004   Code   RO          350    i.cs43l22_DeInit    cs43l22.o
    0x080087c4   0x080087c4   0x000000e0   Code   RO          351    i.cs43l22_Init      cs43l22.o
    0x080088a4   0x080088a4   0x0000001a   Code   RO          352    i.cs43l22_Pause     cs43l22.o
    0x080088be   0x080088be   0x00000002   PAD
    0x080088c0   0x080088c0   0x0000003c   Code   RO          353    i.cs43l22_Play      cs43l22.o
    0x080088fc   0x080088fc   0x00000016   Code   RO          354    i.cs43l22_ReadID    cs43l22.o
    0x08008912   0x08008912   0x00000004   Code   RO          355    i.cs43l22_Reset     cs43l22.o
    0x08008916   0x08008916   0x00000002   PAD
    0x08008918   0x08008918   0x0000003c   Code   RO          356    i.cs43l22_Resume    cs43l22.o
    0x08008954   0x08008954   0x00000004   Code   RO          357    i.cs43l22_SetFrequency  cs43l22.o
    0x08008958   0x08008958   0x00000054   Code   RO          358    i.cs43l22_SetMute   cs43l22.o
    0x080089ac   0x080089ac   0x00000050   Code   RO          359    i.cs43l22_SetOutputMode  cs43l22.o
    0x080089fc   0x080089fc   0x0000003c   Code   RO          360    i.cs43l22_SetVolume  cs43l22.o
    0x08008a38   0x08008a38   0x00000030   Code   RO          361    i.cs43l22_Stop      cs43l22.o
    0x08008a68   0x08008a68   0x00000034   Code   RO         5948    i.dec_lock          ff.o
    0x08008a9c   0x08008a9c   0x000000d0   Code   RO         5949    i.dir_find          ff.o
    0x08008b6c   0x08008b6c   0x000000f4   Code   RO         5950    i.dir_next          ff.o
    0x08008c60   0x08008c60   0x000000b6   Code   RO         5951    i.dir_read          ff.o
    0x08008d16   0x08008d16   0x00000002   PAD
    0x08008d18   0x08008d18   0x000001e4   Code   RO         5952    i.dir_register      ff.o
    0x08008efc   0x08008efc   0x00000082   Code   RO         5954    i.dir_sdi           ff.o
    0x08008f7e   0x08008f7e   0x00000002   PAD
    0x08008f80   0x08008f80   0x00000028   Code   RO         5896    i.disk_initialize   diskio.o
    0x08008fa8   0x08008fa8   0x0000001c   Code   RO         5897    i.disk_ioctl        diskio.o
    0x08008fc4   0x08008fc4   0x0000001c   Code   RO         5898    i.disk_read         diskio.o
    0x08008fe0   0x08008fe0   0x00000018   Code   RO         5899    i.disk_status       diskio.o
    0x08008ff8   0x08008ff8   0x0000001c   Code   RO         5900    i.disk_write        diskio.o
    0x08009014   0x08009014   0x00000028   Code   RO         5955    i.f_close           ff.o
    0x0800903c   0x0800903c   0x00000022   Code   RO         5956    i.f_closedir        ff.o
    0x0800905e   0x0800905e   0x00000212   Code   RO         5960    i.f_lseek           ff.o
    0x08009270   0x08009270   0x00000058   Code   RO         5963    i.f_mount           ff.o
    0x080092c8   0x080092c8   0x00000244   Code   RO         5964    i.f_open            ff.o
    0x0800950c   0x0800950c   0x000000ac   Code   RO         5965    i.f_opendir         ff.o
    0x080095b8   0x080095b8   0x00000152   Code   RO         5966    i.f_read            ff.o
    0x0800970a   0x0800970a   0x00000066   Code   RO         5967    i.f_readdir         ff.o
    0x08009770   0x08009770   0x0000008e   Code   RO         5970    i.f_sync            ff.o
    0x080097fe   0x080097fe   0x00000002   PAD
    0x08009800   0x08009800   0x00000038   Code   RO         4366    i.ff_convert        unicode.o
    0x08009838   0x08009838   0x00000004   Code   RO         4395    i.ff_memalloc       syscall.o
    0x0800983c   0x0800983c   0x00000004   Code   RO         4396    i.ff_memfree        syscall.o
    0x08009840   0x08009840   0x00000080   Code   RO         4367    i.ff_wtoupper       unicode.o
    0x080098c0   0x080098c0   0x00000254   Code   RO         5974    i.find_volume       ff.o
    0x08009b14   0x08009b14   0x00000074   Code   RO         5975    i.follow_path       ff.o
    0x08009b88   0x08009b88   0x00000050   Code   RO         7055    i.free              mc_w.l(malloc.o)
    0x08009bd8   0x08009bd8   0x00000080   Code   RO         5976    i.gen_numname       ff.o
    0x08009c58   0x08009c58   0x000000be   Code   RO         5978    i.get_fat           ff.o
    0x08009d16   0x08009d16   0x00000004   Code   RO         5901    i.get_fattime       diskio.o
    0x08009d1a   0x08009d1a   0x000000e8   Code   RO         5979    i.get_fileinfo      ff.o
    0x08009e02   0x08009e02   0x0000003c   Code   RO         5980    i.get_ldnumber      ff.o
    0x08009e3e   0x08009e3e   0x00000002   PAD
    0x08009e40   0x08009e40   0x00000080   Code   RO         5981    i.inc_lock          ff.o
    0x08009ec0   0x08009ec0   0x00000026   Code   RO         5982    i.ld_clust          ff.o
    0x08009ee6   0x08009ee6   0x00000016   Code   RO         5983    i.ld_dword          ff.o
    0x08009efc   0x08009efc   0x0000000a   Code   RO         5984    i.ld_word           ff.o
    0x08009f06   0x08009f06   0x00000002   PAD
    0x08009f08   0x08009f08   0x0000010c   Code   RO         5662    i.main              main.o
    0x0800a014   0x0800a014   0x0000006c   Code   RO         7056    i.malloc            mc_w.l(malloc.o)
    0x0800a080   0x0800a080   0x00000012   Code   RO         5985    i.mem_cpy           ff.o
    0x0800a092   0x0800a092   0x00000002   PAD
    0x0800a094   0x0800a094   0x0000000e   Code   RO         5986    i.mem_set           ff.o
    0x0800a0a2   0x0800a0a2   0x00000032   Code   RO         5987    i.move_window       ff.o
    0x0800a0d4   0x0800a0d4   0x00000074   Code   RO         5989    i.pick_lfn          ff.o
    0x0800a148   0x0800a148   0x000000ea   Code   RO         5990    i.put_fat           ff.o
    0x0800a232   0x0800a232   0x00000074   Code   RO         5991    i.remove_chain      ff.o
    0x0800a2a6   0x0800a2a6   0x00000002   PAD
    0x0800a2a8   0x0800a2a8   0x00000080   Code   RO         5663    i.scan_files        main.o
    0x0800a328   0x0800a328   0x00000028   Code   RO         5992    i.st_clust          ff.o
    0x0800a350   0x0800a350   0x00000010   Code   RO         5993    i.st_dword          ff.o
    0x0800a360   0x0800a360   0x00000008   Code   RO         5994    i.st_word           ff.o
    0x0800a368   0x0800a368   0x0000001a   Code   RO         5995    i.sum_sfn           ff.o
    0x0800a382   0x0800a382   0x00000002   PAD
    0x0800a384   0x0800a384   0x00000088   Code   RO         5996    i.sync_fs           ff.o
    0x0800a40c   0x0800a40c   0x00000052   Code   RO         5997    i.sync_window       ff.o
    0x0800a45e   0x0800a45e   0x00000032   Code   RO         5998    i.validate          ff.o
    0x0800a490   0x0800a490   0x00000014   Data   RO          613    .constdata          usbh_diskio_dma.o
    0x0800a4a4   0x0800a4a4   0x00000008   Data   RO          703    .constdata          stm32f4xx_hal_dma.o
    0x0800a4ac   0x0800a4ac   0x000003ae   Data   RO         4368    .constdata          unicode.o
    0x0800a85a   0x0800a85a   0x00000010   Data   RO         4737    .constdata          system_stm32f4xx.o
    0x0800a86a   0x0800a86a   0x00000008   Data   RO         4738    .constdata          system_stm32f4xx.o
    0x0800a872   0x0800a872   0x00000800   Data   RO         4810    .constdata          arm_common_tables.o
    0x0800b072   0x0800b072   0x00000002   PAD
    0x0800b074   0x0800b074   0x00008000   Data   RO         4819    .constdata          arm_common_tables.o
    0x08013074   0x08013074   0x000000aa   Data   RO         6000    .constdata          ff.o
    0x0801311e   0x0801311e   0x00000002   PAD
    0x08013120   0x08013120   0x00000060   Data   RO         6348    .constdata          stm32f4_discovery_audio.o
    0x08013180   0x08013180   0x0000000c   Data   RO         6576    .constdata          stm32f4_discovery.o
    0x0801318c   0x0801318c   0x00000004   Data   RO          219    .conststring        usbh_msc.o
    0x08013190   0x08013190   0x00000020   Data   RO         7162    Region$$Table       anon$$obj.o


    Execution Region RW_IRAM1 (Exec base: 0x20000000, Load base: 0x080131b0, Size: 0x0000f778, Max: 0x00020000, ABSOLUTE, COMPRESSED[0x00000098])

    Exec Addr    Load Addr    Size         Type   Attr      Idx    E Section Name        Object

    0x20000000   COMPRESSED   0x00000020   Data   RW          220    .data               usbh_msc.o
    0x20000020   COMPRESSED   0x00000030   Data   RW          362    .data               cs43l22.o
    0x20000050   COMPRESSED   0x00000002   Data   RW          363    .data               cs43l22.o
    0x20000052   COMPRESSED   0x00000002   PAD
    0x20000054   COMPRESSED   0x00000034   Data   RW          454    .data               lis302dl.o
    0x20000088   COMPRESSED   0x00000034   Data   RW          539    .data               lis3dsh.o
    0x200000bc   COMPRESSED   0x0000000c   Data   RW         2671    .data               stm32f4xx_hal.o
    0x200000c8   COMPRESSED   0x00000004   Data   RW         4739    .data               system_stm32f4xx.o
    0x200000cc   COMPRESSED   0x00000004   Data   RW         5264    .data               stm32f4xx_it.o
    0x200000d0   COMPRESSED   0x00000020   Data   RW         5584    .data               waveplayer.o
    0x200000f0   COMPRESSED   0x00000029   Data   RW         5669    .data               main.o
    0x20000119   COMPRESSED   0x00000003   PAD
    0x2000011c   COMPRESSED   0x00000004   Data   RW         5670    .data               main.o
    0x20000120   COMPRESSED   0x0000000c   Data   RW         6001    .data               ff.o
    0x2000012c   COMPRESSED   0x00000008   Data   RW         6349    .data               stm32f4_discovery_audio.o
    0x20000134   COMPRESSED   0x0000001c   Data   RW         6577    .data               stm32f4_discovery.o
    0x20000150   COMPRESSED   0x00000004   Data   RW         6699    .data               stm32f4_discovery_accelerometer.o
    0x20000154   COMPRESSED   0x00000004   Data   RW         7128    .data               mc_w.l(mvars.o)
    0x20000158   COMPRESSED   0x00000004   Data   RW         7129    .data               mc_w.l(mvars.o)
    0x2000015c        -       0x00000200   Zero   RW          612    .bss                usbh_diskio_dma.o
    0x2000035c        -       0x00000298   Zero   RW         5446    .bss                usbh_conf.o
    0x200005f4        -       0x0000427c   Zero   RW         5582    .bss                waveplayer.o
    0x20004870        -       0x00006ac0   Zero   RW         5664    .bss                main.o
    0x2000b330        -       0x0000003c   Zero   RW         5665    .bss                main.o
    0x2000b36c        -       0x00000060   Zero   RW         5667    .bss                main.o
    0x2000b3cc        -       0x00000060   Zero   RW         5668    .bss                main.o
    0x2000b42c        -       0x00000078   Zero   RW         5744    .bss                timerpwm.o
    0x2000b4a4        -       0x00000020   Zero   RW         5999    .bss                ff.o
    0x2000b4c4        -       0x00000010   Zero   RW         6273    .bss                ff_gen_drv.o
    0x2000b4d4        -       0x000001f4   Zero   RW         6347    .bss                stm32f4_discovery_audio.o
    0x2000b6c8        -       0x000000ac   Zero   RW         6575    .bss                stm32f4_discovery.o
    0x2000b774   COMPRESSED   0x00000004   PAD
    0x2000b778        -       0x00002000   Zero   RW          343    HEAP                startup_stm32f407xx.o
    0x2000d778        -       0x00002000   Zero   RW          342    STACK               startup_stm32f407xx.o


==============================================================================

Image component sizes


      Code (inc. data)   RO Data    RW Data    ZI Data      Debug   Object Name

       168          0          0          0          0       1802   arm_bitreversal.o
      1636          0          0          0          0       6952   arm_cfft_radix4_f32.o
       176         34          0          0          0       1075   arm_cfft_radix4_init_f32.o
       208          4          0          0          0      15156   arm_cmplx_mag_f32.o
         0          0      34816          0          0       4996   arm_common_tables.o
       146          0          0          0          0       1702   arm_max_f32.o
         0          0          0          0          0      13464   arm_mult_f32.o
       686         28          0         50          0      12449   cs43l22.o
       152         22          0          0          0       5179   diskio.o
      6876        108        170         12         32      55887   ff.o
        70          4          0          0         16       2007   ff_gen_drv.o
       148         52          0          0          0       1359   jsonparse.o
       486          0          0         52          0      12818   lis302dl.o
       618         22          0         52          0      13416   lis3dsh.o
      1628        292          0         45      27580       9712   main.o
        36          8        392          0      16384        904   startup_stm32f407xx.o
      1226        158         12         28        172      15512   stm32f4_discovery.o
       112         24          0          4          0       3288   stm32f4_discovery_accelerometer.o
       824        120         96          8        500      14518   stm32f4_discovery_audio.o
       184         32          0         12          0       6128   stm32f4xx_hal.o
       194         14          0          0          0      31275   stm32f4xx_hal_cortex.o
      1176         16          8          0          0       9391   stm32f4xx_hal_dma.o
       466         50          0          0          0       3583   stm32f4xx_hal_gpio.o
      2198          4          0          0          0      15569   stm32f4xx_hal_hcd.o
      2074         36          0          0          0      17352   stm32f4xx_hal_i2c.o
      1410         54          0          0          0      10256   stm32f4xx_hal_i2s.o
       754         26          0          0          0       4267   stm32f4xx_hal_i2s_ex.o
       428         46          0          0          0       3446   stm32f4xx_hal_msp.o
      1260         76          0          0          0       5936   stm32f4xx_hal_rcc.o
       460         40          0          0          0       3448   stm32f4xx_hal_rcc_ex.o
      1000          0          0          0          0       8075   stm32f4xx_hal_spi.o
      1668         88          0          0          0      19236   stm32f4xx_hal_tim.o
        84          0          0          0          0       2942   stm32f4xx_hal_tim_ex.o
      2014         28          0          0          0      16072   stm32f4xx_hal_uart.o
       126         42          0          4          0      33884   stm32f4xx_it.o
      1972         48          0          0          0      20295   stm32f4xx_ll_usb.o
         8          0          0          0          0       1391   syscall.o
        84         18         24          4          0       1471   system_stm32f4xx.o
       348         20          0          0        120       2863   timerpwm.o
       184         22        942          0          0       3387   unicode.o
       560         32          0          0        664      13585   usbh_conf.o
       990         20          0          0          0      11332   usbh_core.o
      1064         12          0          0          0      11508   usbh_ctlreq.o
       404         26         20          0        512      10144   usbh_diskio_dma.o
       172          0          0          0          0       5144   usbh_ioreq.o
      1676         10          4         32          0      12413   usbh_msc.o
       586         28          0          0          0       5609   usbh_msc_bot.o
       784          0          0          0          0     724590   usbh_msc_scsi.o
       106          0          0          0          0       4014   usbh_pipes.o
        20          0          0          0          0        607   utitils.o
      1260        166          0         32      17020       8413   waveplayer.o

    ----------------------------------------------------------------------
     40994       1830      36520        340      63004    1219822   Object Totals
         0          0         32          0          0          0   (incl. Generated)
        84          0          4          5          4          0   (incl. Padding)

    ----------------------------------------------------------------------

      Code (inc. data)   RO Data    RW Data    ZI Data      Debug   Library Member Name

        86          0          0          0          0          0   __dczerorl2.o
         0          0          0          0          0          0   entry.o
         0          0          0          0          0          0   entry10a.o
         0          0          0          0          0          0   entry11a.o
         8          4          0          0          0          0   entry2.o
         4          0          0          0          0          0   entry5.o
         0          0          0          0          0          0   entry7b.o
         0          0          0          0          0          0   entry8b.o
         8          4          0          0          0          0   entry9a.o
        30          0          0          0          0          0   handlers.o
        36          8          0          0          0         68   init.o
        30          0          0          0          0         68   llshl.o
        32          0          0          0          0         68   llushr.o
       188         20          0          0          0        160   malloc.o
        36          0          0          0          0         68   memcpya.o
        36          0          0          0          0        108   memseta.o
         0          0          0          8          0          0   mvars.o
        42          0          0          0          0         84   strcasecmp.o
        24          0          0          0          0         68   strcat.o
        18          0          0          0          0         68   strcpy.o
        14          0          0          0          0         68   strlen.o
        36          0          0          0          0         80   strstr.o
        12          0          0          0          0         68   tolower.o
        98          0          0          0          0         92   uldiv.o

    ----------------------------------------------------------------------
       742         36          0          8          0       1068   Library Totals
         4          0          0          0          0          0   (incl. Padding)

    ----------------------------------------------------------------------

      Code (inc. data)   RO Data    RW Data    ZI Data      Debug   Library Name

       738         36          0          8          0       1068   mc_w.l

    ----------------------------------------------------------------------
       742         36          0          8          0       1068   Library Totals

    ----------------------------------------------------------------------

==============================================================================


      Code (inc. data)   RO Data    RW Data    ZI Data      Debug   

     41736       1866      36520        348      63004    1181406   Grand Totals
     41736       1866      36520        152      63004    1181406   ELF Image Totals (compressed)
     41736       1866      36520        152          0          0   ROM Totals

==============================================================================

    Total RO  Size (Code + RO Data)                78256 (  76.42kB)
    Total RW  Size (RW Data + ZI Data)             63352 (  61.87kB)
    Total ROM Size (Code + RO Data + RW Data)      78408 (  76.57kB)

==============================================================================

